Archive member included to satisfy reference by file (symbol)

/opt/st/stm32cubeide_1.7.0/plugins/com.st.stm32cube.ide.mcu.externaltools.gnu-tools-for-stm32.9-2020-q2-update.linux64_2.0.0.202105311346/tools/bin/../lib/gcc/arm-none-eabi/9.3.1/../../../../arm-none-eabi/lib/thumb/v7-m/nofp/libc_nano.a(lib_a-atof.o)
                              ./Drivers/wiznet/Src/parameters.o (atof)
/opt/st/stm32cubeide_1.7.0/plugins/com.st.stm32cube.ide.mcu.externaltools.gnu-tools-for-stm32.9-2020-q2-update.linux64_2.0.0.202105311346/tools/bin/../lib/gcc/arm-none-eabi/9.3.1/../../../../arm-none-eabi/lib/thumb/v7-m/nofp/libc_nano.a(lib_a-atoff.o)
                              ./Drivers/wiznet/Src/parameters.o (atoff)
/opt/st/stm32cubeide_1.7.0/plugins/com.st.stm32cube.ide.mcu.externaltools.gnu-tools-for-stm32.9-2020-q2-update.linux64_2.0.0.202105311346/tools/bin/../lib/gcc/arm-none-eabi/9.3.1/../../../../arm-none-eabi/lib/thumb/v7-m/nofp/libc_nano.a(lib_a-atoi.o)
                              ./Drivers/wiznet/Src/parameters.o (atoi)
/opt/st/stm32cubeide_1.7.0/plugins/com.st.stm32cube.ide.mcu.externaltools.gnu-tools-for-stm32.9-2020-q2-update.linux64_2.0.0.202105311346/tools/bin/../lib/gcc/arm-none-eabi/9.3.1/../../../../arm-none-eabi/lib/thumb/v7-m/nofp/libc_nano.a(lib_a-atol.o)
                              ./Drivers/wiznet/Src/parameters.o (atol)
/opt/st/stm32cubeide_1.7.0/plugins/com.st.stm32cube.ide.mcu.externaltools.gnu-tools-for-stm32.9-2020-q2-update.linux64_2.0.0.202105311346/tools/bin/../lib/gcc/arm-none-eabi/9.3.1/../../../../arm-none-eabi/lib/thumb/v7-m/nofp/libc_nano.a(lib_a-errno.o)
                              ./Core/Src/syscalls.o (__errno)
/opt/st/stm32cubeide_1.7.0/plugins/com.st.stm32cube.ide.mcu.externaltools.gnu-tools-for-stm32.9-2020-q2-update.linux64_2.0.0.202105311346/tools/bin/../lib/gcc/arm-none-eabi/9.3.1/../../../../arm-none-eabi/lib/thumb/v7-m/nofp/libc_nano.a(lib_a-exit.o)
                              /opt/st/stm32cubeide_1.7.0/plugins/com.st.stm32cube.ide.mcu.externaltools.gnu-tools-for-stm32.9-2020-q2-update.linux64_2.0.0.202105311346/tools/bin/../lib/gcc/arm-none-eabi/9.3.1/../../../../arm-none-eabi/lib/thumb/v7-m/nofp/crt0.o (exit)
/opt/st/stm32cubeide_1.7.0/plugins/com.st.stm32cube.ide.mcu.externaltools.gnu-tools-for-stm32.9-2020-q2-update.linux64_2.0.0.202105311346/tools/bin/../lib/gcc/arm-none-eabi/9.3.1/../../../../arm-none-eabi/lib/thumb/v7-m/nofp/libc_nano.a(lib_a-impure.o)
                              /opt/st/stm32cubeide_1.7.0/plugins/com.st.stm32cube.ide.mcu.externaltools.gnu-tools-for-stm32.9-2020-q2-update.linux64_2.0.0.202105311346/tools/bin/../lib/gcc/arm-none-eabi/9.3.1/../../../../arm-none-eabi/lib/thumb/v7-m/nofp/libc_nano.a(lib_a-exit.o) (_global_impure_ptr)
/opt/st/stm32cubeide_1.7.0/plugins/com.st.stm32cube.ide.mcu.externaltools.gnu-tools-for-stm32.9-2020-q2-update.linux64_2.0.0.202105311346/tools/bin/../lib/gcc/arm-none-eabi/9.3.1/../../../../arm-none-eabi/lib/thumb/v7-m/nofp/libc_nano.a(lib_a-init.o)
                              /opt/st/stm32cubeide_1.7.0/plugins/com.st.stm32cube.ide.mcu.externaltools.gnu-tools-for-stm32.9-2020-q2-update.linux64_2.0.0.202105311346/tools/bin/../lib/gcc/arm-none-eabi/9.3.1/../../../../arm-none-eabi/lib/thumb/v7-m/nofp/crt0.o (__libc_init_array)
/opt/st/stm32cubeide_1.7.0/plugins/com.st.stm32cube.ide.mcu.externaltools.gnu-tools-for-stm32.9-2020-q2-update.linux64_2.0.0.202105311346/tools/bin/../lib/gcc/arm-none-eabi/9.3.1/../../../../arm-none-eabi/lib/thumb/v7-m/nofp/libc_nano.a(lib_a-malloc.o)
                              ./Drivers/wiznet/Src/httpServer.o (malloc)
/opt/st/stm32cubeide_1.7.0/plugins/com.st.stm32cube.ide.mcu.externaltools.gnu-tools-for-stm32.9-2020-q2-update.linux64_2.0.0.202105311346/tools/bin/../lib/gcc/arm-none-eabi/9.3.1/../../../../arm-none-eabi/lib/thumb/v7-m/nofp/libc_nano.a(lib_a-memcpy-stub.o)
                              ./Drivers/wiznet/Src/httpServer.o (memcpy)
/opt/st/stm32cubeide_1.7.0/plugins/com.st.stm32cube.ide.mcu.externaltools.gnu-tools-for-stm32.9-2020-q2-update.linux64_2.0.0.202105311346/tools/bin/../lib/gcc/arm-none-eabi/9.3.1/../../../../arm-none-eabi/lib/thumb/v7-m/nofp/libc_nano.a(lib_a-memset.o)
                              /opt/st/stm32cubeide_1.7.0/plugins/com.st.stm32cube.ide.mcu.externaltools.gnu-tools-for-stm32.9-2020-q2-update.linux64_2.0.0.202105311346/tools/bin/../lib/gcc/arm-none-eabi/9.3.1/../../../../arm-none-eabi/lib/thumb/v7-m/nofp/crt0.o (memset)
/opt/st/stm32cubeide_1.7.0/plugins/com.st.stm32cube.ide.mcu.externaltools.gnu-tools-for-stm32.9-2020-q2-update.linux64_2.0.0.202105311346/tools/bin/../lib/gcc/arm-none-eabi/9.3.1/../../../../arm-none-eabi/lib/thumb/v7-m/nofp/libc_nano.a(lib_a-nano-freer.o)
[...]
Memory Configuration

Name             Origin             Length             Attributes
RAM              0x0000000020000000 0x0000000000010000 xrw
FLASH            0x0000000008000000 0x0000000000080000 xr
*default*        0x0000000000000000 0xffffffffffffffff

Linker script and memory map

LOAD /opt/st/stm32cubeide_1.7.0/plugins/com.st.stm32cube.ide.mcu.externaltools.gnu-tools-for-stm32.9-2020-q2-update.linux64_2.0.0.202105311346/tools/bin/../lib/gcc/arm-none-eabi/9.3.1/thumb/v7-m/nofp/crti.o
LOAD /opt/st/stm32cubeide_1.7.0/plugins/com.st.stm32cube.ide.mcu.externaltools.gnu-tools-for-stm32.9-2020-q2-update.linux64_2.0.0.202105311346/tools/bin/../lib/gcc/arm-none-eabi/9.3.1/thumb/v7-m/nofp/crtbegin.o
LOAD /opt/st/stm32cubeide_1.7.0/plugins/com.st.stm32cube.ide.mcu.externaltools.gnu-tools-for-stm32.9-2020-q2-update.linux64_2.0.0.202105311346/tools/bin/../lib/gcc/arm-none-eabi/9.3.1/../../../../arm-none-eabi/lib/thumb/v7-m/nofp/crt0.o
LOAD ./Core/Src/fonts.o
LOAD ./Core/Src/main.o
LOAD ./Core/Src/menu.o
LOAD ./Core/Src/ssd1306.o
LOAD ./Core/Src/stm32f1xx_hal_msp.o
LOAD ./Core/Src/stm32f1xx_it.o
LOAD ./Core/Src/syscalls.o
LOAD ./Core/Src/sysmem.o
LOAD ./Core/Src/system_stm32f1xx.o
LOAD ./Core/Startup/startup_stm32f103vetx.o
LOAD ./Drivers/STM32F1xx_HAL_Driver/Src/stm32f1xx_hal.o
LOAD ./Drivers/STM32F1xx_HAL_Driver/Src/stm32f1xx_hal_cortex.o
LOAD ./Drivers/STM32F1xx_HAL_Driver/Src/stm32f1xx_hal_dma.o
LOAD ./Drivers/STM32F1xx_HAL_Driver/Src/stm32f1xx_hal_exti.o
LOAD ./Drivers/STM32F1xx_HAL_Driver/Src/stm32f1xx_hal_flash.o
LOAD ./Drivers/STM32F1xx_HAL_Driver/Src/stm32f1xx_hal_flash_ex.o
LOAD ./Drivers/STM32F1xx_HAL_Driver/Src/stm32f1xx_hal_gpio.o
LOAD ./Drivers/STM32F1xx_HAL_Driver/Src/stm32f1xx_hal_gpio_ex.o
LOAD ./Drivers/STM32F1xx_HAL_Driver/Src/stm32f1xx_hal_i2c.o
LOAD ./Drivers/STM32F1xx_HAL_Driver/Src/stm32f1xx_hal_pwr.o
LOAD ./Drivers/STM32F1xx_HAL_Driver/Src/stm32f1xx_hal_rcc.o
LOAD ./Drivers/STM32F1xx_HAL_Driver/Src/stm32f1xx_hal_rcc_ex.o
LOAD ./Drivers/STM32F1xx_HAL_Driver/Src/stm32f1xx_hal_spi.o
LOAD ./Drivers/STM32F1xx_HAL_Driver/Src/stm32f1xx_hal_tim.o
LOAD ./Drivers/STM32F1xx_HAL_Driver/Src/stm32f1xx_hal_tim_ex.o
LOAD ./Drivers/wiznet/Src/dhcp.o
LOAD ./Drivers/wiznet/Src/dns.o
LOAD ./Drivers/wiznet/Src/httpParser.o
LOAD ./Drivers/wiznet/Src/httpServer.o
LOAD ./Drivers/wiznet/Src/httpUtil.o
LOAD ./Drivers/wiznet/Src/parameters.o
LOAD ./Drivers/wiznet/Src/socket.o
LOAD ./Drivers/wiznet/Src/telnetConfigServer.o
LOAD ./Drivers/wiznet/Src/w5500.o
LOAD ./Drivers/wiznet/Src/wizchip_conf.o
START GROUP
LOAD /opt/st/stm32cubeide_1.7.0/plugins/com.st.stm32cube.ide.mcu.externaltools.gnu-tools-for-stm32.9-2020-q2-update.linux64_2.0.0.202105311346/tools/bin/../lib/gcc/arm-none-eabi/9.3.1/../../../../arm-none-eabi/lib/thumb/v7-m/nofp/libc_nano.a
LOAD /opt/st/stm32cubeide_1.7.0/plugins/com.st.stm32cube.ide.mcu.externaltools.gnu-tools-for-stm32.9-2020-q2-update.linux64_2.0.0.202105311346/tools/bin/../lib/gcc/arm-none-eabi/9.3.1/../../../../arm-none-eabi/lib/thumb/v7-m/nofp/libm.a
END GROUP
START GROUP
LOAD /opt/st/stm32cubeide_1.7.0/plugins/com.st.stm32cube.ide.mcu.externaltools.gnu-tools-for-stm32.9-2020-q2-update.linux64_2.0.0.202105311346/tools/bin/../lib/gcc/arm-none-eabi/9.3.1/thumb/v7-m/nofp/libgcc.a
LOAD /opt/st/stm32cubeide_1.7.0/plugins/com.st.stm32cube.ide.mcu.externaltools.gnu-tools-for-stm32.9-2020-q2-update.linux64_2.0.0.202105311346/tools/bin/../lib/gcc/arm-none-eabi/9.3.1/../../../../arm-none-eabi/lib/thumb/v7-m/nofp/libc_nano.a
END GROUP
START GROUP
LOAD /opt/st/stm32cubeide_1.7.0/plugins/com.st.stm32cube.ide.mcu.externaltools.gnu-tools-for-stm32.9-2020-q2-update.linux64_2.0.0.202105311346/tools/bin/../lib/gcc/arm-none-eabi/9.3.1/thumb/v7-m/nofp/libgcc.a
LOAD /opt/st/stm32cubeide_1.7.0/plugins/com.st.stm32cube.ide.mcu.externaltools.gnu-tools-for-stm32.9-2020-q2-update.linux64_2.0.0.202105311346/tools/bin/../lib/gcc/arm-none-eabi/9.3.1/../../../../arm-none-eabi/lib/thumb/v7-m/nofp/libc_nano.a
LOAD /opt/st/stm32cubeide_1.7.0/plugins/com.st.stm32cube.ide.mcu.externaltools.gnu-tools-for-stm32.9-2020-q2-update.linux64_2.0.0.202105311346/tools/bin/../lib/gcc/arm-none-eabi/9.3.1/../../../../arm-none-eabi/lib/thumb/v7-m/nofp/libnosys.a
END GROUP
START GROUP
LOAD /opt/st/stm32cubeide_1.7.0/plugins/com.st.stm32cube.ide.mcu.externaltools.gnu-tools-for-stm32.9-2020-q2-update.linux64_2.0.0.202105311346/tools/bin/../lib/gcc/arm-none-eabi/9.3.1/thumb/v7-m/nofp/libgcc.a
LOAD /opt/st/stm32cubeide_1.7.0/plugins/com.st.stm32cube.ide.mcu.externaltools.gnu-tools-for-stm32.9-2020-q2-update.linux64_2.0.0.202105311346/tools/bin/../lib/gcc/arm-none-eabi/9.3.1/../../../../arm-none-eabi/lib/thumb/v7-m/nofp/libc_nano.a
LOAD /opt/st/stm32cubeide_1.7.0/plugins/com.st.stm32cube.ide.mcu.externaltools.gnu-tools-for-stm32.9-2020-q2-update.linux64_2.0.0.202105311346/tools/bin/../lib/gcc/arm-none-eabi/9.3.1/../../../../arm-none-eabi/lib/thumb/v7-m/nofp/libnosys.a
END GROUP
LOAD /opt/st/stm32cubeide_1.7.0/plugins/com.st.stm32cube.ide.mcu.externaltools.gnu-tools-for-stm32.9-2020-q2-update.linux64_2.0.0.202105311346/tools/bin/../lib/gcc/arm-none-eabi/9.3.1/thumb/v7-m/nofp/crtend.o
LOAD /opt/st/stm32cubeide_1.7.0/plugins/com.st.stm32cube.ide.mcu.externaltools.gnu-tools-for-stm32.9-2020-q2-update.linux64_2.0.0.202105311346/tools/bin/../lib/gcc/arm-none-eabi/9.3.1/thumb/v7-m/nofp/crtn.o
                0x0000000020010000                _estack = (ORIGIN (RAM) + LENGTH (RAM))
                0x0000000000000200                _Min_Heap_Size = 0x200
                0x0000000000000400                _Min_Stack_Size = 0x400

.isr_vector     0x0000000008000000      0x1e4
                0x0000000008000000                . = ALIGN (0x4)
 *(.isr_vector)
 .isr_vector    0x0000000008000000      0x1e4 ./Core/Startup/startup_stm32f103vetx.o
                0x0000000008000000                g_pfnVectors
                0x00000000080001e4                . = ALIGN (0x4)

.text           0x00000000080001e8    0x12404
                0x00000000080001e8                . = ALIGN (0x4)
 *(.text)
 .text          0x00000000080001e8       0x40 /opt/st/stm32cubeide_1.7.0/plugins/com.st.stm32cube.ide.mcu.externaltools.gnu-tools-for-stm32.9-2020-q2-update.linux64_2.0.0.202105311346/tools/bin/../lib/gcc/arm-none-eabi/9.3.1/thumb/v7-m/nofp/crtbegin.o
 .text          0x0000000008000228       0x10 /opt/st/stm32cubeide_1.7.0/plugins/com.st.stm32cube.ide.mcu.externaltools.gnu-tools-for-stm32.9-2020-q2-update.linux64_2.0.0.202105311346/tools/bin/../lib/gcc/arm-none-eabi/9.3.1/../../../../arm-none-eabi/lib/thumb/v7-m/nofp/libc_nano.a(lib_a-strlen.o)
                0x0000000008000228                strlen
 .text          0x0000000008000238      0x378 /opt/st/stm32cubeide_1.7.0/plugins/com.st.stm32cube.ide.mcu.externaltools.gnu-tools-for-stm32.9-2020-q2-update.linux64_2.0.0.202105311346/tools/bin/../lib/gcc/arm-none-eabi/9.3.1/thumb/v7-m/nofp/libgcc.a(_arm_addsubdf3.o)
                0x0000000008000238                __aeabi_drsub
                0x0000000008000240                __aeabi_dsub
                0x0000000008000240                __subdf3
                0x0000000008000244                __adddf3
                0x0000000008000244                __aeabi_dadd
                0x00000000080004bc                __aeabi_ui2d
                0x00000000080004bc                __floatunsidf
                0x00000000080004dc                __floatsidf
                0x00000000080004dc                __aeabi_i2d
                0x0000000008000500                __extendsfdf2
                0x0000000008000500                __aeabi_f2d
                0x0000000008000544                __aeabi_ul2d
                0x0000000008000544                __floatundidf
                0x0000000008000554                __floatdidf
                0x0000000008000554                __aeabi_l2d
 .text          0x00000000080005b0      0x424 /opt/st/stm32cubeide_1.7.0/plugins/com.st.stm32cube.ide.mcu.externaltools.gnu-tools-for-stm32.9-2020-q2-update.linux64_2.0.0.202105311346/tools/bin/../lib/gcc/arm-none-eabi/9.3.1/thumb/v7-m/nofp/libgcc.a(_arm_muldivdf3.o)
                0x00000000080005b0                __aeabi_dmul
                0x00000000080005b0                __muldf3
                0x0000000008000804                __aeabi_ddiv
                0x0000000008000804                __divdf3
 .text          0x00000000080009d4      0x110 /opt/st/stm32cubeide_1.7.0/plugins/com.st.stm32cube.ide.mcu.externaltools.gnu-tools-for-stm32.9-2020-q2-update.linux64_2.0.0.202105311346/tools/bin/../lib/gcc/arm-none-eabi/9.3.1/thumb/v7-m/nofp/libgcc.a(_arm_cmpdf2.o)
                0x00000000080009d4                __gtdf2
                0x00000000080009d4                __gedf2
                0x00000000080009dc                __ltdf2
                0x00000000080009dc                __ledf2
                0x00000000080009e4                __cmpdf2
                0x00000000080009e4                __eqdf2
                0x00000000080009e4                __nedf2
                0x0000000008000a60                __aeabi_cdrcmple
                0x0000000008000a70                __aeabi_cdcmple
                0x0000000008000a70                __aeabi_cdcmpeq
                0x0000000008000a80                __aeabi_dcmpeq
                0x0000000008000a94                __aeabi_dcmplt
                0x0000000008000aa8                __aeabi_dcmple
                0x0000000008000abc                __aeabi_dcmpge
                0x0000000008000ad0                __aeabi_dcmpgt
 .text          0x0000000008000ae4       0x2c /opt/st/stm32cubeide_1.7.0/plugins/com.st.stm32cube.ide.mcu.externaltools.gnu-tools-for-stm32.9-2020-q2-update.linux64_2.0.0.202105311346/tools/bin/../lib/gcc/arm-none-eabi/9.3.1/thumb/v7-m/nofp/libgcc.a(_arm_unorddf2.o)
                0x0000000008000ae4                __aeabi_dcmpun
                0x0000000008000ae4                __unorddf2
 .text          0x0000000008000b10       0x50 /opt/st/stm32cubeide_1.7.0/plugins/com.st.stm32cube.ide.mcu.externaltools.gnu-tools-for-stm32.9-2020-q2-update.linux64_2.0.0.202105311346/tools/bin/../lib/gcc/arm-none-eabi/9.3.1/thumb/v7-m/nofp/libgcc.a(_arm_fixdfsi.o)
                0x0000000008000b10                __fixdfsi
                0x0000000008000b10                __aeabi_d2iz
 .text          0x0000000008000b60       0x40 /opt/st/stm32cubeide_1.7.0/plugins/com.st.stm32cube.ide.mcu.externaltools.gnu-tools-for-stm32.9-2020-q2-update.linux64_2.0.0.202105311346/tools/bin/../lib/gcc/arm-none-eabi/9.3.1/thumb/v7-m/nofp/libgcc.a(_arm_fixunsdfsi.o)
                0x0000000008000b60                __fixunsdfsi
                0x0000000008000b60                __aeabi_d2uiz
 .text          0x0000000008000ba0       0xa0 /opt/st/stm32cubeide_1.7.0/plugins/com.st.stm32cube.ide.mcu.externaltools.gnu-tools-for-stm32.9-2020-q2-update.linux64_2.0.0.202105311346/tools/bin/../lib/gcc/arm-none-eabi/9.3.1/thumb/v7-m/nofp/libgcc.a(_arm_truncdfsf2.o)
                0x0000000008000ba0                __aeabi_d2f
                0x0000000008000ba0                __truncdfsf2
 .text          0x0000000008000c40       0xec /opt/st/stm32cubeide_1.7.0/plugins/com.st.stm32cube.ide.mcu.externaltools.gnu-tools-for-stm32.9-2020-q2-update.linux64_2.0.0.202105311346/tools/bin/../lib/gcc/arm-none-eabi/9.3.1/thumb/v7-m/nofp/libgcc.a(_arm_cmpsf2.o)
                0x0000000008000c40                __gtsf2
                0x0000000008000c40                __gesf2
                0x0000000008000c48                __lesf2
                0x0000000008000c48                __ltsf2
                0x0000000008000c50                __nesf2
                0x0000000008000c50                __eqsf2
                0x0000000008000c50                __cmpsf2
                0x0000000008000cb0                __aeabi_cfrcmple
                0x0000000008000cb8                __aeabi_cfcmple
                0x0000000008000cb8                __aeabi_cfcmpeq
                0x0000000008000cc8                __aeabi_fcmpeq
                0x0000000008000cdc                __aeabi_fcmplt
                0x0000000008000cf0                __aeabi_fcmple
                0x0000000008000d04                __aeabi_fcmpge
                0x0000000008000d18                __aeabi_fcmpgt
 .text          0x0000000008000d2c       0x2c /opt/st/stm32cubeide_1.7.0/plugins/com.st.stm32cube.ide.mcu.externaltools.gnu-tools-for-stm32.9-2020-q2-update.linux64_2.0.0.202105311346/tools/bin/../lib/gcc/arm-none-eabi/9.3.1/thumb/v7-m/nofp/libgcc.a(_arm_unordsf2.o)
                0x0000000008000d2c                __aeabi_fcmpun
                0x0000000008000d2c                __unordsf2
 .text          0x0000000008000d58       0x34 /opt/st/stm32cubeide_1.7.0/plugins/com.st.stm32cube.ide.mcu.externaltools.gnu-tools-for-stm32.9-2020-q2-update.linux64_2.0.0.202105311346/tools/bin/../lib/gcc/arm-none-eabi/9.3.1/thumb/v7-m/nofp/libgcc.a(_fixdfdi.o)
                0x0000000008000d58                __aeabi_d2lz
                0x0000000008000d58                __fixdfdi
 .text          0x0000000008000d8c       0x3c /opt/st/stm32cubeide_1.7.0/plugins/com.st.stm32cube.ide.mcu.externaltools.gnu-tools-for-stm32.9-2020-q2-update.linux64_2.0.0.202105311346/tools/bin/../lib/gcc/arm-none-eabi/9.3.1/thumb/v7-m/nofp/libgcc.a(_fixunsdfdi.o)
                0x0000000008000d8c                __aeabi_d2ulz
                0x0000000008000d8c                __fixunsdfdi
 *(.text*)
 .text.W5500_Select
                0x0000000008000dc8       0x18 ./Core/Src/main.o
                0x0000000008000dc8                W5500_Select
 .text.W5500_Unselect
                0x0000000008000de0       0x18 ./Core/Src/main.o
                0x0000000008000de0                W5500_Unselect
 .text.W5500_ReadBuff
                0x0000000008000df8       0x28 ./Core/Src/main.o
                0x0000000008000df8                W5500_ReadBuff
 .text.W5500_WriteBuff
                0x0000000008000e20       0x28 ./Core/Src/main.o
                0x0000000008000e20                W5500_WriteBuff
 .text.W5500_ReadByte
                0x0000000008000e48       0x1a ./Core/Src/main.o
                0x0000000008000e48                W5500_ReadByte
 .text.W5500_WriteByte
                0x0000000008000e62       0x1c ./Core/Src/main.o
                0x0000000008000e62                W5500_WriteByte
 *fill*         0x0000000008000e7e        0x2 
 .text.initParameters
                0x0000000008000e80       0xc8 ./Core/Src/main.o
                0x0000000008000e80                initParameters
 .text.Callback_IPAssigned
                0x0000000008000f48       0x18 ./Core/Src/main.o
                0x0000000008000f48                Callback_IPAssigned
 .text.Callback_IPConflict
                0x0000000008000f60        0xc ./Core/Src/main.o
                0x0000000008000f60                Callback_IPConflict
 .text.draw_menu
                0x0000000008000f6c      0x724 ./Core/Src/main.o
                0x0000000008000f6c                draw_menu
 .text.w5500_init
                0x0000000008001690       0xbc ./Core/Src/main.o
                0x0000000008001690                w5500_init
 .text.INTkeyMenu_handler
                0x000000000800174c       0x18 ./Core/Src/main.o
                0x000000000800174c                INTkeyMenu_handler
 .text.INTkeyUp_handler
                0x0000000008001764       0x3c ./Core/Src/main.o
                0x0000000008001764                INTkeyUp_handler
 .text.INTkeyDown_handler
                0x00000000080017a0       0x3c ./Core/Src/main.o
                0x00000000080017a0                INTkeyDown_handler
 .text.INTW5500_Handler
                0x00000000080017dc       0x1c ./Core/Src/main.o
                0x00000000080017dc                INTW5500_Handler
 .text.main     0x00000000080017f8      0x284 ./Core/Src/main.o
                0x00000000080017f8                main
 .text.SystemClock_Config
                0x0000000008001a7c       0x90 ./Core/Src/main.o
                0x0000000008001a7c                SystemClock_Config
 .text.MX_I2C1_Init
                0x0000000008001b0c       0x5c ./Core/Src/main.o
 .text.MX_SPI1_Init
                0x0000000008001b68       0x6c ./Core/Src/main.o
 .text.MX_TIM1_Init
                0x0000000008001bd4      0x13c ./Core/Src/main.o
 .text.MX_DMA_Init
                0x0000000008001d10       0x3c ./Core/Src/main.o
 .text.MX_GPIO_Init
                0x0000000008001d4c      0x170 ./Core/Src/main.o
 .text.Error_Handler
                0x0000000008001ebc        0xa ./Core/Src/main.o
                0x0000000008001ebc                Error_Handler
 .text.assert_failed
                0x0000000008001ec6       0x14 ./Core/Src/main.o
                0x0000000008001ec6                assert_failed
 .text.width    0x0000000008001eda        0xe ./Core/Src/ssd1306.o
 .text.height   0x0000000008001ee8        0xe ./Core/Src/ssd1306.o
 .text.ssd1306_GetWidth
                0x0000000008001ef6        0xe ./Core/Src/ssd1306.o
                0x0000000008001ef6                ssd1306_GetWidth
 .text.ssd1306_GetHeight
                0x0000000008001f04        0xe ./Core/Src/ssd1306.o
                0x0000000008001f04                ssd1306_GetHeight
 *fill*         0x0000000008001f12        0x2 
 .text.ssd1306_SetColor
                0x0000000008001f14       0x20 ./Core/Src/ssd1306.o
                0x0000000008001f14                ssd1306_SetColor
 .text.ssd1306_Init
                0x0000000008001f34      0x134 ./Core/Src/ssd1306.o
                0x0000000008001f34                ssd1306_Init
 .text.ssd1306_UpdateScreen
                0x0000000008002068       0x54 ./Core/Src/ssd1306.o
                0x0000000008002068                ssd1306_UpdateScreen
 .text.ssd1306_DrawPixel
                0x00000000080020bc       0xec ./Core/Src/ssd1306.o
                0x00000000080020bc                ssd1306_DrawPixel
 .text.ssd1306_DrawBitmap
                0x00000000080021a8       0xae ./Core/Src/ssd1306.o
                0x00000000080021a8                ssd1306_DrawBitmap
 *fill*         0x0000000008002256        0x2 
 .text.ssd1306_WriteChar
                0x0000000008002258      0x124 ./Core/Src/ssd1306.o
                0x0000000008002258                ssd1306_WriteChar
 .text.ssd1306_WriteString
                0x000000000800237c       0x4a ./Core/Src/ssd1306.o
                0x000000000800237c                ssd1306_WriteString
 *fill*         0x00000000080023c6        0x2 
 .text.ssd1306_SetCursor
                0x00000000080023c8       0x30 ./Core/Src/ssd1306.o
                0x00000000080023c8                ssd1306_SetCursor
 .text.ssd1306_FlipScreenVertically
                0x00000000080023f8       0x14 ./Core/Src/ssd1306.o
                0x00000000080023f8                ssd1306_FlipScreenVertically
 .text.ssd1306_Clear
                0x000000000800240c       0x18 ./Core/Src/ssd1306.o
                0x000000000800240c                ssd1306_Clear
 .text.ssd1306_WriteCommand
                0x0000000008002424       0x38 ./Core/Src/ssd1306.o
 .text.ssd1306_WriteData
                0x000000000800245c       0x3c ./Core/Src/ssd1306.o
 .text.HAL_I2C_MemTxCpltCallback
                0x0000000008002498       0x12 ./Core/Src/ssd1306.o
                0x0000000008002498                HAL_I2C_MemTxCpltCallback
 *fill*         0x00000000080024aa        0x2 
 .text.HAL_MspInit
                0x00000000080024ac       0x64 ./Core/Src/stm32f1xx_hal_msp.o
                0x00000000080024ac                HAL_MspInit
 .text.HAL_I2C_MspInit
                0x0000000008002510       0xf0 ./Core/Src/stm32f1xx_hal_msp.o
                0x0000000008002510                HAL_I2C_MspInit
 .text.HAL_SPI_MspInit
                0x0000000008002600       0xa4 ./Core/Src/stm32f1xx_hal_msp.o
                0x0000000008002600                HAL_SPI_MspInit
 .text.HAL_TIM_Base_MspInit
                0x00000000080026a4       0x3c ./Core/Src/stm32f1xx_hal_msp.o
                0x00000000080026a4                HAL_TIM_Base_MspInit
 .text.NMI_Handler
                0x00000000080026e0        0xa ./Core/Src/stm32f1xx_it.o
                0x00000000080026e0                NMI_Handler
 .text.HardFault_Handler
                0x00000000080026ea        0x6 ./Core/Src/stm32f1xx_it.o
                0x00000000080026ea                HardFault_Handler
 .text.MemManage_Handler
                0x00000000080026f0        0x6 ./Core/Src/stm32f1xx_it.o
                0x00000000080026f0                MemManage_Handler
 .text.BusFault_Handler
                0x00000000080026f6        0x6 ./Core/Src/stm32f1xx_it.o
                0x00000000080026f6                BusFault_Handler
 .text.UsageFault_Handler
                0x00000000080026fc        0x6 ./Core/Src/stm32f1xx_it.o
                0x00000000080026fc                UsageFault_Handler
 .text.SVC_Handler
                0x0000000008002702        0xc ./Core/Src/stm32f1xx_it.o
                0x0000000008002702                SVC_Handler
 .text.DebugMon_Handler
                0x000000000800270e        0xc ./Core/Src/stm32f1xx_it.o
                0x000000000800270e                DebugMon_Handler
 .text.PendSV_Handler
                0x000000000800271a        0xc ./Core/Src/stm32f1xx_it.o
                0x000000000800271a                PendSV_Handler
 *fill*         0x0000000008002726        0x2 
 .text.SysTick_Handler
                0x0000000008002728       0x30 ./Core/Src/stm32f1xx_it.o
                0x0000000008002728                SysTick_Handler
 .text.EXTI0_IRQHandler
                0x0000000008002758       0x12 ./Core/Src/stm32f1xx_it.o
                0x0000000008002758                EXTI0_IRQHandler
 .text.EXTI1_IRQHandler
                0x000000000800276a       0x12 ./Core/Src/stm32f1xx_it.o
                0x000000000800276a                EXTI1_IRQHandler
 .text.DMA1_Channel6_IRQHandler
                0x000000000800277c       0x14 ./Core/Src/stm32f1xx_it.o
                0x000000000800277c                DMA1_Channel6_IRQHandler
 .text.EXTI9_5_IRQHandler
                0x0000000008002790       0x12 ./Core/Src/stm32f1xx_it.o
                0x0000000008002790                EXTI9_5_IRQHandler
 *fill*         0x00000000080027a2        0x2 
 .text.I2C1_EV_IRQHandler
                0x00000000080027a4       0x14 ./Core/Src/stm32f1xx_it.o
                0x00000000080027a4                I2C1_EV_IRQHandler
 .text.I2C1_ER_IRQHandler
                0x00000000080027b8       0x14 ./Core/Src/stm32f1xx_it.o
                0x00000000080027b8                I2C1_ER_IRQHandler
 .text.SPI1_IRQHandler
                0x00000000080027cc       0x14 ./Core/Src/stm32f1xx_it.o
                0x00000000080027cc                SPI1_IRQHandler
 .text.EXTI15_10_IRQHandler
                0x00000000080027e0       0x14 ./Core/Src/stm32f1xx_it.o
                0x00000000080027e0                EXTI15_10_IRQHandler
 .text._getpid  0x00000000080027f4        0xe ./Core/Src/syscalls.o
                0x00000000080027f4                _getpid
 .text._kill    0x0000000008002802       0x20 ./Core/Src/syscalls.o
                0x0000000008002802                _kill
 .text._exit    0x0000000008002822       0x14 ./Core/Src/syscalls.o
                0x0000000008002822                _exit
 .text._read    0x0000000008002836       0x3a ./Core/Src/syscalls.o
                0x0000000008002836                _read
 .text._write   0x0000000008002870       0x38 ./Core/Src/syscalls.o
                0x0000000008002870                _write
 .text._close   0x00000000080028a8       0x16 ./Core/Src/syscalls.o
                0x00000000080028a8                _close
 .text._fstat   0x00000000080028be       0x1e ./Core/Src/syscalls.o
                0x00000000080028be                _fstat
 .text._isatty  0x00000000080028dc       0x14 ./Core/Src/syscalls.o
                0x00000000080028dc                _isatty
 .text._lseek   0x00000000080028f0       0x18 ./Core/Src/syscalls.o
                0x00000000080028f0                _lseek
 .text._sbrk    0x0000000008002908       0x6c ./Core/Src/sysmem.o
                0x0000000008002908                _sbrk
 .text.SystemInit
                0x0000000008002974        0xc ./Core/Src/system_stm32f1xx.o
                0x0000000008002974                SystemInit
 .text.Reset_Handler
                0x0000000008002980       0x48 ./Core/Startup/startup_stm32f103vetx.o
                0x0000000008002980                Reset_Handler
 .text.Default_Handler
                0x00000000080029c8        0x2 ./Core/Startup/startup_stm32f103vetx.o
                0x00000000080029c8                RTC_Alarm_IRQHandler
                0x00000000080029c8                EXTI2_IRQHandler
                0x00000000080029c8                TIM8_TRG_COM_IRQHandler
                0x00000000080029c8                TIM8_CC_IRQHandler
                0x00000000080029c8                TIM1_CC_IRQHandler
                0x00000000080029c8                TIM6_IRQHandler
                0x00000000080029c8                PVD_IRQHandler
                0x00000000080029c8                SDIO_IRQHandler
                0x00000000080029c8                EXTI3_IRQHandler
                0x00000000080029c8                I2C2_EV_IRQHandler
                0x00000000080029c8                ADC1_2_IRQHandler
                0x00000000080029c8                TAMPER_IRQHandler
                0x00000000080029c8                TIM8_UP_IRQHandler
                0x00000000080029c8                DMA2_Channel2_IRQHandler
                0x00000000080029c8                DMA1_Channel4_IRQHandler
                0x00000000080029c8                USART3_IRQHandler
                0x00000000080029c8                RTC_IRQHandler
                0x00000000080029c8                DMA1_Channel7_IRQHandler
                0x00000000080029c8                CAN1_RX1_IRQHandler
                0x00000000080029c8                UART5_IRQHandler
                0x00000000080029c8                ADC3_IRQHandler
                0x00000000080029c8                TIM4_IRQHandler
                0x00000000080029c8                DMA2_Channel1_IRQHandler
                0x00000000080029c8                UART4_IRQHandler
                0x00000000080029c8                TIM3_IRQHandler
                0x00000000080029c8                RCC_IRQHandler
                0x00000000080029c8                TIM1_TRG_COM_IRQHandler
                0x00000000080029c8                DMA1_Channel1_IRQHandler
                0x00000000080029c8                Default_Handler
                0x00000000080029c8                TIM7_IRQHandler
                0x00000000080029c8                TIM5_IRQHandler
                0x00000000080029c8                SPI2_IRQHandler
                0x00000000080029c8                DMA1_Channel5_IRQHandler
                0x00000000080029c8                EXTI4_IRQHandler
                0x00000000080029c8                USB_LP_CAN1_RX0_IRQHandler
                0x00000000080029c8                USB_HP_CAN1_TX_IRQHandler
                0x00000000080029c8                DMA1_Channel3_IRQHandler
                0x00000000080029c8                FSMC_IRQHandler
                0x00000000080029c8                TIM1_UP_IRQHandler
                0x00000000080029c8                WWDG_IRQHandler
                0x00000000080029c8                TIM2_IRQHandler
                0x00000000080029c8                TIM1_BRK_IRQHandler
                0x00000000080029c8                DMA2_Channel4_5_IRQHandler
                0x00000000080029c8                USART2_IRQHandler
                0x00000000080029c8                I2C2_ER_IRQHandler
                0x00000000080029c8                DMA1_Channel2_IRQHandler
                0x00000000080029c8                TIM8_BRK_IRQHandler
                0x00000000080029c8                CAN1_SCE_IRQHandler
                0x00000000080029c8                FLASH_IRQHandler
                0x00000000080029c8                USART1_IRQHandler
                0x00000000080029c8                SPI3_IRQHandler
                0x00000000080029c8                USBWakeUp_IRQHandler
                0x00000000080029c8                DMA2_Channel3_IRQHandler
 *fill*         0x00000000080029ca        0x2 
 .text.HAL_Init
                0x00000000080029cc       0x2c ./Drivers/STM32F1xx_HAL_Driver/Src/stm32f1xx_hal.o
                0x00000000080029cc                HAL_Init
 .text.HAL_InitTick
                0x00000000080029f8       0x60 ./Drivers/STM32F1xx_HAL_Driver/Src/stm32f1xx_hal.o
                0x00000000080029f8                HAL_InitTick
 .text.HAL_IncTick
                0x0000000008002a58       0x24 ./Drivers/STM32F1xx_HAL_Driver/Src/stm32f1xx_hal.o
                0x0000000008002a58                HAL_IncTick
 .text.HAL_GetTick
                0x0000000008002a7c       0x14 ./Drivers/STM32F1xx_HAL_Driver/Src/stm32f1xx_hal.o
                0x0000000008002a7c                HAL_GetTick
 .text.HAL_Delay
                0x0000000008002a90       0x48 ./Drivers/STM32F1xx_HAL_Driver/Src/stm32f1xx_hal.o
                0x0000000008002a90                HAL_Delay
 .text.__NVIC_SetPriorityGrouping
                0x0000000008002ad8       0x48 ./Drivers/STM32F1xx_HAL_Driver/Src/stm32f1xx_hal_cortex.o
 .text.__NVIC_GetPriorityGrouping
                0x0000000008002b20       0x1c ./Drivers/STM32F1xx_HAL_Driver/Src/stm32f1xx_hal_cortex.o
 .text.__NVIC_EnableIRQ
                0x0000000008002b3c       0x38 ./Drivers/STM32F1xx_HAL_Driver/Src/stm32f1xx_hal_cortex.o
 .text.__NVIC_SetPriority
                0x0000000008002b74       0x54 ./Drivers/STM32F1xx_HAL_Driver/Src/stm32f1xx_hal_cortex.o
 .text.NVIC_EncodePriority
                0x0000000008002bc8       0x64 ./Drivers/STM32F1xx_HAL_Driver/Src/stm32f1xx_hal_cortex.o
 .text.SysTick_Config
                0x0000000008002c2c       0x44 ./Drivers/STM32F1xx_HAL_Driver/Src/stm32f1xx_hal_cortex.o
 .text.HAL_NVIC_SetPriorityGrouping
                0x0000000008002c70       0x40 ./Drivers/STM32F1xx_HAL_Driver/Src/stm32f1xx_hal_cortex.o
                0x0000000008002c70                HAL_NVIC_SetPriorityGrouping
 .text.HAL_NVIC_SetPriority
                0x0000000008002cb0       0x58 ./Drivers/STM32F1xx_HAL_Driver/Src/stm32f1xx_hal_cortex.o
                0x0000000008002cb0                HAL_NVIC_SetPriority
 .text.HAL_NVIC_EnableIRQ
                0x0000000008002d08       0x30 ./Drivers/STM32F1xx_HAL_Driver/Src/stm32f1xx_hal_cortex.o
                0x0000000008002d08                HAL_NVIC_EnableIRQ
 .text.HAL_SYSTICK_Config
                0x0000000008002d38       0x18 ./Drivers/STM32F1xx_HAL_Driver/Src/stm32f1xx_hal_cortex.o
                0x0000000008002d38                HAL_SYSTICK_Config
 .text.HAL_DMA_Init
                0x0000000008002d50      0x280 ./Drivers/STM32F1xx_HAL_Driver/Src/stm32f1xx_hal_dma.o
                0x0000000008002d50                HAL_DMA_Init
 .text.HAL_DMA_Start_IT
                0x0000000008002fd0       0xdc ./Drivers/STM32F1xx_HAL_Driver/Src/stm32f1xx_hal_dma.o
                0x0000000008002fd0                HAL_DMA_Start_IT
 .text.HAL_DMA_Abort_IT
                0x00000000080030ac      0x210 ./Drivers/STM32F1xx_HAL_Driver/Src/stm32f1xx_hal_dma.o
                0x00000000080030ac                HAL_DMA_Abort_IT
 .text.HAL_DMA_IRQHandler
                0x00000000080032bc      0x478 ./Drivers/STM32F1xx_HAL_Driver/Src/stm32f1xx_hal_dma.o
                0x00000000080032bc                HAL_DMA_IRQHandler
 .text.HAL_DMA_GetState
                0x0000000008003734       0x18 ./Drivers/STM32F1xx_HAL_Driver/Src/stm32f1xx_hal_dma.o
                0x0000000008003734                HAL_DMA_GetState
 .text.DMA_SetConfig
                0x000000000800374c       0x5a ./Drivers/STM32F1xx_HAL_Driver/Src/stm32f1xx_hal_dma.o
 *fill*         0x00000000080037a6        0x2 
 .text.HAL_GPIO_Init
                0x00000000080037a8      0x528 ./Drivers/STM32F1xx_HAL_Driver/Src/stm32f1xx_hal_gpio.o
                0x00000000080037a8                HAL_GPIO_Init
 .text.HAL_GPIO_WritePin
                0x0000000008003cd0       0x64 ./Drivers/STM32F1xx_HAL_Driver/Src/stm32f1xx_hal_gpio.o
                0x0000000008003cd0                HAL_GPIO_WritePin
 .text.HAL_GPIO_EXTI_IRQHandler
                0x0000000008003d34       0x30 ./Drivers/STM32F1xx_HAL_Driver/Src/stm32f1xx_hal_gpio.o
                0x0000000008003d34                HAL_GPIO_EXTI_IRQHandler
 .text.HAL_GPIO_EXTI_Callback
                0x0000000008003d64       0x14 ./Drivers/STM32F1xx_HAL_Driver/Src/stm32f1xx_hal_gpio.o
                0x0000000008003d64                HAL_GPIO_EXTI_Callback
 .text.HAL_I2C_Init
                0x0000000008003d78      0x404 ./Drivers/STM32F1xx_HAL_Driver/Src/stm32f1xx_hal_i2c.o
                0x0000000008003d78                HAL_I2C_Init
 .text.HAL_I2C_Mem_Write_DMA
                0x000000000800417c      0x2b8 ./Drivers/STM32F1xx_HAL_Driver/Src/stm32f1xx_hal_i2c.o
                0x000000000800417c                HAL_I2C_Mem_Write_DMA
 .text.HAL_I2C_IsDeviceReady
                0x0000000008004434      0x25c ./Drivers/STM32F1xx_HAL_Driver/Src/stm32f1xx_hal_i2c.o
                0x0000000008004434                HAL_I2C_IsDeviceReady
 .text.HAL_I2C_EV_IRQHandler
                0x0000000008004690      0x2e2 ./Drivers/STM32F1xx_HAL_Driver/Src/stm32f1xx_hal_i2c.o
                0x0000000008004690                HAL_I2C_EV_IRQHandler
 .text.HAL_I2C_ER_IRQHandler
                0x0000000008004972      0x15e ./Drivers/STM32F1xx_HAL_Driver/Src/stm32f1xx_hal_i2c.o
                0x0000000008004972                HAL_I2C_ER_IRQHandler
 .text.HAL_I2C_MasterTxCpltCallback
                0x0000000008004ad0       0x12 ./Drivers/STM32F1xx_HAL_Driver/Src/stm32f1xx_hal_i2c.o
                0x0000000008004ad0                HAL_I2C_MasterTxCpltCallback
 .text.HAL_I2C_MasterRxCpltCallback
                0x0000000008004ae2       0x12 ./Drivers/STM32F1xx_HAL_Driver/Src/stm32f1xx_hal_i2c.o
                0x0000000008004ae2                HAL_I2C_MasterRxCpltCallback
 .text.HAL_I2C_SlaveTxCpltCallback
                0x0000000008004af4       0x12 ./Drivers/STM32F1xx_HAL_Driver/Src/stm32f1xx_hal_i2c.o
                0x0000000008004af4                HAL_I2C_SlaveTxCpltCallback
 .text.HAL_I2C_SlaveRxCpltCallback
                0x0000000008004b06       0x12 ./Drivers/STM32F1xx_HAL_Driver/Src/stm32f1xx_hal_i2c.o
                0x0000000008004b06                HAL_I2C_SlaveRxCpltCallback
 .text.HAL_I2C_AddrCallback
                0x0000000008004b18       0x1a ./Drivers/STM32F1xx_HAL_Driver/Src/stm32f1xx_hal_i2c.o
                0x0000000008004b18                HAL_I2C_AddrCallback
 .text.HAL_I2C_ListenCpltCallback
                0x0000000008004b32       0x12 ./Drivers/STM32F1xx_HAL_Driver/Src/stm32f1xx_hal_i2c.o
                0x0000000008004b32                HAL_I2C_ListenCpltCallback
 .text.HAL_I2C_MemRxCpltCallback
                0x0000000008004b44       0x12 ./Drivers/STM32F1xx_HAL_Driver/Src/stm32f1xx_hal_i2c.o
                0x0000000008004b44                HAL_I2C_MemRxCpltCallback
 .text.HAL_I2C_ErrorCallback
                0x0000000008004b56       0x12 ./Drivers/STM32F1xx_HAL_Driver/Src/stm32f1xx_hal_i2c.o
                0x0000000008004b56                HAL_I2C_ErrorCallback
 .text.HAL_I2C_AbortCpltCallback
                0x0000000008004b68       0x12 ./Drivers/STM32F1xx_HAL_Driver/Src/stm32f1xx_hal_i2c.o
                0x0000000008004b68                HAL_I2C_AbortCpltCallback
 .text.HAL_I2C_GetState
                0x0000000008004b7a       0x1a ./Drivers/STM32F1xx_HAL_Driver/Src/stm32f1xx_hal_i2c.o
                0x0000000008004b7a                HAL_I2C_GetState
 .text.I2C_MasterTransmit_TXE
                0x0000000008004b94      0x13e ./Drivers/STM32F1xx_HAL_Driver/Src/stm32f1xx_hal_i2c.o
 .text.I2C_MasterTransmit_BTF
                0x0000000008004cd2       0xf2 ./Drivers/STM32F1xx_HAL_Driver/Src/stm32f1xx_hal_i2c.o
 .text.I2C_MemoryTransmit_TXE_BTF
                0x0000000008004dc4      0x12a ./Drivers/STM32F1xx_HAL_Driver/Src/stm32f1xx_hal_i2c.o
 .text.I2C_MasterReceive_RXNE
                0x0000000008004eee      0x168 ./Drivers/STM32F1xx_HAL_Driver/Src/stm32f1xx_hal_i2c.o
 .text.I2C_MasterReceive_BTF
                0x0000000008005056      0x1d8 ./Drivers/STM32F1xx_HAL_Driver/Src/stm32f1xx_hal_i2c.o
 .text.I2C_Master_SB
                0x000000000800522e      0x10a ./Drivers/STM32F1xx_HAL_Driver/Src/stm32f1xx_hal_i2c.o
 .text.I2C_Master_ADD10
                0x0000000008005338       0x52 ./Drivers/STM32F1xx_HAL_Driver/Src/stm32f1xx_hal_i2c.o
 .text.I2C_Master_ADDR
                0x000000000800538a      0x336 ./Drivers/STM32F1xx_HAL_Driver/Src/stm32f1xx_hal_i2c.o
 .text.I2C_SlaveTransmit_TXE
                0x00000000080056c0       0x7c ./Drivers/STM32F1xx_HAL_Driver/Src/stm32f1xx_hal_i2c.o
 .text.I2C_SlaveTransmit_BTF
                0x000000000800573c       0x40 ./Drivers/STM32F1xx_HAL_Driver/Src/stm32f1xx_hal_i2c.o
 .text.I2C_SlaveReceive_RXNE
                0x000000000800577c       0x7e ./Drivers/STM32F1xx_HAL_Driver/Src/stm32f1xx_hal_i2c.o
 .text.I2C_SlaveReceive_BTF
                0x00000000080057fa       0x42 ./Drivers/STM32F1xx_HAL_Driver/Src/stm32f1xx_hal_i2c.o
 .text.I2C_Slave_ADDR
                0x000000000800583c       0x94 ./Drivers/STM32F1xx_HAL_Driver/Src/stm32f1xx_hal_i2c.o
 .text.I2C_Slave_STOPF
                0x00000000080058d0      0x268 ./Drivers/STM32F1xx_HAL_Driver/Src/stm32f1xx_hal_i2c.o
 .text.I2C_Slave_AF
                0x0000000008005b38       0xe4 ./Drivers/STM32F1xx_HAL_Driver/Src/stm32f1xx_hal_i2c.o
 .text.I2C_ITError
                0x0000000008005c1c      0x268 ./Drivers/STM32F1xx_HAL_Driver/Src/stm32f1xx_hal_i2c.o
 .text.I2C_RequestMemoryWrite
                0x0000000008005e84      0x12c ./Drivers/STM32F1xx_HAL_Driver/Src/stm32f1xx_hal_i2c.o
 .text.I2C_DMAXferCplt
                0x0000000008005fb0      0x1b4 ./Drivers/STM32F1xx_HAL_Driver/Src/stm32f1xx_hal_i2c.o
 .text.I2C_DMAError
                0x0000000008006164       0x70 ./Drivers/STM32F1xx_HAL_Driver/Src/stm32f1xx_hal_i2c.o
 .text.I2C_DMAAbort
                0x00000000080061d4      0x154 ./Drivers/STM32F1xx_HAL_Driver/Src/stm32f1xx_hal_i2c.o
 .text.I2C_WaitOnFlagUntilTimeout
                0x0000000008006328       0xae ./Drivers/STM32F1xx_HAL_Driver/Src/stm32f1xx_hal_i2c.o
 .text.I2C_WaitOnMasterAddressFlagUntilTimeout
                0x00000000080063d6       0xfe ./Drivers/STM32F1xx_HAL_Driver/Src/stm32f1xx_hal_i2c.o
 .text.I2C_WaitOnTXEFlagUntilTimeout
                0x00000000080064d4       0x82 ./Drivers/STM32F1xx_HAL_Driver/Src/stm32f1xx_hal_i2c.o
 *fill*         0x0000000008006556        0x2 
 .text.I2C_WaitOnSTOPRequestThroughIT
                0x0000000008006558       0x64 ./Drivers/STM32F1xx_HAL_Driver/Src/stm32f1xx_hal_i2c.o
 .text.I2C_IsAcknowledgeFailed
                0x00000000080065bc       0x5c ./Drivers/STM32F1xx_HAL_Driver/Src/stm32f1xx_hal_i2c.o
 .text.I2C_ConvertOtherXferOptions
                0x0000000008006618       0x34 ./Drivers/STM32F1xx_HAL_Driver/Src/stm32f1xx_hal_i2c.o
 .text.HAL_RCC_OscConfig
                0x000000000800664c      0x6e0 ./Drivers/STM32F1xx_HAL_Driver/Src/stm32f1xx_hal_rcc.o
                0x000000000800664c                HAL_RCC_OscConfig
 .text.HAL_RCC_ClockConfig
                0x0000000008006d2c      0x320 ./Drivers/STM32F1xx_HAL_Driver/Src/stm32f1xx_hal_rcc.o
                0x0000000008006d2c                HAL_RCC_ClockConfig
 .text.HAL_RCC_EnableCSS
                0x000000000800704c       0x18 ./Drivers/STM32F1xx_HAL_Driver/Src/stm32f1xx_hal_rcc.o
                0x000000000800704c                HAL_RCC_EnableCSS
 .text.HAL_RCC_GetSysClockFreq
                0x0000000008007064       0xc0 ./Drivers/STM32F1xx_HAL_Driver/Src/stm32f1xx_hal_rcc.o
                0x0000000008007064                HAL_RCC_GetSysClockFreq
 .text.HAL_RCC_GetHCLKFreq
                0x0000000008007124       0x14 ./Drivers/STM32F1xx_HAL_Driver/Src/stm32f1xx_hal_rcc.o
                0x0000000008007124                HAL_RCC_GetHCLKFreq
 .text.HAL_RCC_GetPCLK1Freq
                0x0000000008007138       0x28 ./Drivers/STM32F1xx_HAL_Driver/Src/stm32f1xx_hal_rcc.o
                0x0000000008007138                HAL_RCC_GetPCLK1Freq
 .text.HAL_RCC_NMI_IRQHandler
                0x0000000008007160       0x28 ./Drivers/STM32F1xx_HAL_Driver/Src/stm32f1xx_hal_rcc.o
                0x0000000008007160                HAL_RCC_NMI_IRQHandler
 .text.RCC_Delay
                0x0000000008007188       0x3c ./Drivers/STM32F1xx_HAL_Driver/Src/stm32f1xx_hal_rcc.o
 .text.HAL_RCC_CSSCallback
                0x00000000080071c4        0xc ./Drivers/STM32F1xx_HAL_Driver/Src/stm32f1xx_hal_rcc.o
                0x00000000080071c4                HAL_RCC_CSSCallback
 .text.HAL_SPI_Init
                0x00000000080071d0      0x370 ./Drivers/STM32F1xx_HAL_Driver/Src/stm32f1xx_hal_spi.o
                0x00000000080071d0                HAL_SPI_Init
 .text.HAL_SPI_Transmit
                0x0000000008007540      0x298 ./Drivers/STM32F1xx_HAL_Driver/Src/stm32f1xx_hal_spi.o
                0x0000000008007540                HAL_SPI_Transmit
 .text.HAL_SPI_Receive
                0x00000000080077d8      0x222 ./Drivers/STM32F1xx_HAL_Driver/Src/stm32f1xx_hal_spi.o
                0x00000000080077d8                HAL_SPI_Receive
 *fill*         0x00000000080079fa        0x2 
 .text.HAL_SPI_TransmitReceive
                0x00000000080079fc      0x35c ./Drivers/STM32F1xx_HAL_Driver/Src/stm32f1xx_hal_spi.o
                0x00000000080079fc                HAL_SPI_TransmitReceive
 .text.HAL_SPI_IRQHandler
                0x0000000008007d58      0x1d0 ./Drivers/STM32F1xx_HAL_Driver/Src/stm32f1xx_hal_spi.o
                0x0000000008007d58                HAL_SPI_IRQHandler
 .text.HAL_SPI_TxCpltCallback
                0x0000000008007f28       0x12 ./Drivers/STM32F1xx_HAL_Driver/Src/stm32f1xx_hal_spi.o
                0x0000000008007f28                HAL_SPI_TxCpltCallback
 .text.HAL_SPI_RxCpltCallback
                0x0000000008007f3a       0x12 ./Drivers/STM32F1xx_HAL_Driver/Src/stm32f1xx_hal_spi.o
                0x0000000008007f3a                HAL_SPI_RxCpltCallback
 .text.HAL_SPI_TxRxCpltCallback
                0x0000000008007f4c       0x12 ./Drivers/STM32F1xx_HAL_Driver/Src/stm32f1xx_hal_spi.o
                0x0000000008007f4c                HAL_SPI_TxRxCpltCallback
 .text.HAL_SPI_TxHalfCpltCallback
                0x0000000008007f5e       0x12 ./Drivers/STM32F1xx_HAL_Driver/Src/stm32f1xx_hal_spi.o
                0x0000000008007f5e                HAL_SPI_TxHalfCpltCallback
 .text.HAL_SPI_RxHalfCpltCallback
                0x0000000008007f70       0x12 ./Drivers/STM32F1xx_HAL_Driver/Src/stm32f1xx_hal_spi.o
                0x0000000008007f70                HAL_SPI_RxHalfCpltCallback
 .text.HAL_SPI_TxRxHalfCpltCallback
                0x0000000008007f82       0x12 ./Drivers/STM32F1xx_HAL_Driver/Src/stm32f1xx_hal_spi.o
                0x0000000008007f82                HAL_SPI_TxRxHalfCpltCallback
 .text.HAL_SPI_ErrorCallback
                0x0000000008007f94       0x12 ./Drivers/STM32F1xx_HAL_Driver/Src/stm32f1xx_hal_spi.o
                0x0000000008007f94                HAL_SPI_ErrorCallback
 .text.HAL_SPI_AbortCpltCallback
                0x0000000008007fa6       0x12 ./Drivers/STM32F1xx_HAL_Driver/Src/stm32f1xx_hal_spi.o
                0x0000000008007fa6                HAL_SPI_AbortCpltCallback
 .text.SPI_DMAAbortOnError
                0x0000000008007fb8       0x2a ./Drivers/STM32F1xx_HAL_Driver/Src/stm32f1xx_hal_spi.o
 *fill*         0x0000000008007fe2        0x2 
 .text.SPI_WaitFlagStateUntilTimeout
                0x0000000008007fe4      0x110 ./Drivers/STM32F1xx_HAL_Driver/Src/stm32f1xx_hal_spi.o
 .text.SPI_EndRxTransaction
                0x00000000080080f4       0xa4 ./Drivers/STM32F1xx_HAL_Driver/Src/stm32f1xx_hal_spi.o
 .text.SPI_EndRxTxTransaction
                0x0000000008008198       0x3c ./Drivers/STM32F1xx_HAL_Driver/Src/stm32f1xx_hal_spi.o
 .text.HAL_TIM_Base_Init
                0x00000000080081d4      0x18c ./Drivers/STM32F1xx_HAL_Driver/Src/stm32f1xx_hal_tim.o
                0x00000000080081d4                HAL_TIM_Base_Init
 .text.HAL_TIM_OC_Init
                0x0000000008008360      0x18c ./Drivers/STM32F1xx_HAL_Driver/Src/stm32f1xx_hal_tim.o
                0x0000000008008360                HAL_TIM_OC_Init
 .text.HAL_TIM_OC_MspInit
                0x00000000080084ec       0x12 ./Drivers/STM32F1xx_HAL_Driver/Src/stm32f1xx_hal_tim.o
                0x00000000080084ec                HAL_TIM_OC_MspInit
 *fill*         0x00000000080084fe        0x2 
 .text.HAL_TIM_OC_ConfigChannel
                0x0000000008008500      0x25c ./Drivers/STM32F1xx_HAL_Driver/Src/stm32f1xx_hal_tim.o
                0x0000000008008500                HAL_TIM_OC_ConfigChannel
 .text.HAL_TIM_ConfigClockSource
                0x000000000800875c      0x624 ./Drivers/STM32F1xx_HAL_Driver/Src/stm32f1xx_hal_tim.o
                0x000000000800875c                HAL_TIM_ConfigClockSource
 .text.TIM_Base_SetConfig
                0x0000000008008d80       0xf4 ./Drivers/STM32F1xx_HAL_Driver/Src/stm32f1xx_hal_tim.o
                0x0000000008008d80                TIM_Base_SetConfig
 .text.TIM_OC1_SetConfig
                0x0000000008008e74      0x134 ./Drivers/STM32F1xx_HAL_Driver/Src/stm32f1xx_hal_tim.o
 .text.TIM_OC2_SetConfig
                0x0000000008008fa8      0x13c ./Drivers/STM32F1xx_HAL_Driver/Src/stm32f1xx_hal_tim.o
                0x0000000008008fa8                TIM_OC2_SetConfig
 .text.TIM_OC3_SetConfig
                0x00000000080090e4      0x13c ./Drivers/STM32F1xx_HAL_Driver/Src/stm32f1xx_hal_tim.o
 .text.TIM_OC4_SetConfig
                0x0000000008009220       0xc8 ./Drivers/STM32F1xx_HAL_Driver/Src/stm32f1xx_hal_tim.o
 .text.TIM_TI1_ConfigInputStage
                0x00000000080092e8       0x5c ./Drivers/STM32F1xx_HAL_Driver/Src/stm32f1xx_hal_tim.o
 .text.TIM_TI2_ConfigInputStage
                0x0000000008009344       0x5e ./Drivers/STM32F1xx_HAL_Driver/Src/stm32f1xx_hal_tim.o
 .text.TIM_ITRx_SetConfig
                0x00000000080093a2       0x34 ./Drivers/STM32F1xx_HAL_Driver/Src/stm32f1xx_hal_tim.o
 .text.TIM_ETR_SetConfig
                0x00000000080093d6       0x3e ./Drivers/STM32F1xx_HAL_Driver/Src/stm32f1xx_hal_tim.o
                0x00000000080093d6                TIM_ETR_SetConfig
 .text.HAL_TIMEx_MasterConfigSynchronization
                0x0000000008009414      0x1a0 ./Drivers/STM32F1xx_HAL_Driver/Src/stm32f1xx_hal_tim_ex.o
                0x0000000008009414                HAL_TIMEx_MasterConfigSynchronization
 .text.HAL_TIMEx_ConfigBreakDeadTime
                0x00000000080095b4      0x198 ./Drivers/STM32F1xx_HAL_Driver/Src/stm32f1xx_hal_tim_ex.o
                0x00000000080095b4                HAL_TIMEx_ConfigBreakDeadTime
 .text.default_ip_assign
                0x000000000800974c       0x38 ./Drivers/wiznet/Src/dhcp.o
                0x000000000800974c                default_ip_assign
 .text.default_ip_update
                0x0000000008009784       0x2c ./Drivers/wiznet/Src/dhcp.o
                0x0000000008009784                default_ip_update
 .text.default_ip_conflict
                0x00000000080097b0       0x28 ./Drivers/wiznet/Src/dhcp.o
                0x00000000080097b0                default_ip_conflict
 .text.reg_dhcp_cbfunc
                0x00000000080097d8       0x64 ./Drivers/wiznet/Src/dhcp.o
                0x00000000080097d8                reg_dhcp_cbfunc
 .text.makeDHCPMSG
                0x000000000800983c      0x1ec ./Drivers/wiznet/Src/dhcp.o
                0x000000000800983c                makeDHCPMSG
 .text.send_DHCP_DISCOVER
                0x0000000008009a28      0x38c ./Drivers/wiznet/Src/dhcp.o
                0x0000000008009a28                send_DHCP_DISCOVER
 .text.send_DHCP_REQUEST
                0x0000000008009db4      0x514 ./Drivers/wiznet/Src/dhcp.o
                0x0000000008009db4                send_DHCP_REQUEST
 .text.send_DHCP_DECLINE
                0x000000000800a2c8      0x2a4 ./Drivers/wiznet/Src/dhcp.o
                0x000000000800a2c8                send_DHCP_DECLINE
 .text.parseDHCPMSG
                0x000000000800a56c      0x43c ./Drivers/wiznet/Src/dhcp.o
                0x000000000800a56c                parseDHCPMSG
 .text.DHCP_run
                0x000000000800a9a8      0x234 ./Drivers/wiznet/Src/dhcp.o
                0x000000000800a9a8                DHCP_run
 .text.check_DHCP_timeout
                0x000000000800abdc       0xc0 ./Drivers/wiznet/Src/dhcp.o
                0x000000000800abdc                check_DHCP_timeout
 .text.check_DHCP_leasedIP
                0x000000000800ac9c       0x7c ./Drivers/wiznet/Src/dhcp.o
                0x000000000800ac9c                check_DHCP_leasedIP
 .text.DHCP_init
                0x000000000800ad18      0x128 ./Drivers/wiznet/Src/dhcp.o
                0x000000000800ad18                DHCP_init
 .text.reset_DHCP_timeout
                0x000000000800ae40       0x2c ./Drivers/wiznet/Src/dhcp.o
                0x000000000800ae40                reset_DHCP_timeout
 .text.DHCP_time_handler
                0x000000000800ae6c       0x1c ./Drivers/wiznet/Src/dhcp.o
                0x000000000800ae6c                DHCP_time_handler
 .text.getIPfromDHCP
                0x000000000800ae88       0x3c ./Drivers/wiznet/Src/dhcp.o
                0x000000000800ae88                getIPfromDHCP
 .text.getGWfromDHCP
                0x000000000800aec4       0x3c ./Drivers/wiznet/Src/dhcp.o
                0x000000000800aec4                getGWfromDHCP
 .text.getSNfromDHCP
                0x000000000800af00       0x3c ./Drivers/wiznet/Src/dhcp.o
                0x000000000800af00                getSNfromDHCP
 .text.getDNSfromDHCP
                0x000000000800af3c       0x3c ./Drivers/wiznet/Src/dhcp.o
                0x000000000800af3c                getDNSfromDHCP
 .text.getDHCPLeasetime
                0x000000000800af78       0x14 ./Drivers/wiznet/Src/dhcp.o
                0x000000000800af78                getDHCPLeasetime
 .text.NibbleToHex
                0x000000000800af8c       0x30 ./Drivers/wiznet/Src/dhcp.o
                0x000000000800af8c                NibbleToHex
 .text.linkParametersStorage
                0x000000000800afbc       0x2c ./Drivers/wiznet/Src/parameters.o
                0x000000000800afbc                linkParametersStorage
 .text.getIndexOfVariable
                0x000000000800afe8       0x64 ./Drivers/wiznet/Src/parameters.o
                0x000000000800afe8                getIndexOfVariable
 .text.clearCommandBuffer
                0x000000000800b04c       0x3c ./Drivers/wiznet/Src/parameters.o
                0x000000000800b04c                clearCommandBuffer
 .text.seekToChar
                0x000000000800b088       0x46 ./Drivers/wiznet/Src/parameters.o
                0x000000000800b088                seekToChar
 *fill*         0x000000000800b0ce        0x2 
 .text.varToString
                0x000000000800b0d0      0x150 ./Drivers/wiznet/Src/parameters.o
                0x000000000800b0d0                varToString
 .text.varRangeToString
                0x000000000800b220      0x454 ./Drivers/wiznet/Src/parameters.o
                0x000000000800b220                varRangeToString
 .text.parseCommand
                0x000000000800b674      0xaa8 ./Drivers/wiznet/Src/parameters.o
                0x000000000800b674                parseCommand
 .text.socket   0x000000000800c11c      0x22c ./Drivers/wiznet/Src/socket.o
                0x000000000800c11c                socket
 .text.close    0x000000000800c348       0xdc ./Drivers/wiznet/Src/socket.o
                0x000000000800c348                close
 .text.listen   0x000000000800c424       0xb2 ./Drivers/wiznet/Src/socket.o
                0x000000000800c424                listen
 *fill*         0x000000000800c4d6        0x2 
 .text.disconnect
                0x000000000800c4d8       0xec ./Drivers/wiznet/Src/socket.o
                0x000000000800c4d8                disconnect
 .text.send     0x000000000800c5c4      0x1f4 ./Drivers/wiznet/Src/socket.o
                0x000000000800c5c4                send
 .text.recv     0x000000000800c7b8      0x16c ./Drivers/wiznet/Src/socket.o
                0x000000000800c7b8                recv
 .text.sendto   0x000000000800c924      0x26c ./Drivers/wiznet/Src/socket.o
                0x000000000800c924                sendto
 .text.recvfrom
                0x000000000800cb90      0x3dc ./Drivers/wiznet/Src/socket.o
                0x000000000800cb90                recvfrom
 .text.telnetConfigServer_InterruptCallback
                0x000000000800cf6c      0x1f0 ./Drivers/wiznet/Src/telnetConfigServer.o
                0x000000000800cf6c                telnetConfigServer_InterruptCallback
 .text.telnetConfigServer_Init
                0x000000000800d15c       0x44 ./Drivers/wiznet/Src/telnetConfigServer.o
                0x000000000800d15c                telnetConfigServer_Init
 .text.telnetConfigServer_getPort
                0x000000000800d1a0       0x14 ./Drivers/wiznet/Src/telnetConfigServer.o
                0x000000000800d1a0                telnetConfigServer_getPort
 .text.telnetConfigServer_SocketStatus
                0x000000000800d1b4       0x14 ./Drivers/wiznet/Src/telnetConfigServer.o
                0x000000000800d1b4                telnetConfigServer_SocketStatus
 .text.telnetConfigServer_SocketProcess
                0x000000000800d1c8       0x14 ./Drivers/wiznet/Src/telnetConfigServer.o
                0x000000000800d1c8                telnetConfigServer_SocketProcess
 .text.telnetConfigServer_SocketOpen
                0x000000000800d1dc       0x18 ./Drivers/wiznet/Src/telnetConfigServer.o
                0x000000000800d1dc                telnetConfigServer_SocketOpen
 .text.telnetConfigServer_SocketClose
                0x000000000800d1f4       0x34 ./Drivers/wiznet/Src/telnetConfigServer.o
                0x000000000800d1f4                telnetConfigServer_SocketClose
 .text.WIZCHIP_READ
                0x000000000800d228       0x98 ./Drivers/wiznet/Src/w5500.o
                0x000000000800d228                WIZCHIP_READ
 .text.WIZCHIP_WRITE
                0x000000000800d2c0       0x9c ./Drivers/wiznet/Src/w5500.o
                0x000000000800d2c0                WIZCHIP_WRITE
 .text.WIZCHIP_READ_BUF
                0x000000000800d35c       0xc0 ./Drivers/wiznet/Src/w5500.o
                0x000000000800d35c                WIZCHIP_READ_BUF
 .text.WIZCHIP_WRITE_BUF
                0x000000000800d41c       0xc0 ./Drivers/wiznet/Src/w5500.o
                0x000000000800d41c                WIZCHIP_WRITE_BUF
 .text.getSn_TX_FSR
                0x000000000800d4dc       0x96 ./Drivers/wiznet/Src/w5500.o
                0x000000000800d4dc                getSn_TX_FSR
 .text.getSn_RX_RSR
                0x000000000800d572       0x96 ./Drivers/wiznet/Src/w5500.o
                0x000000000800d572                getSn_RX_RSR
 .text.wiz_send_data
                0x000000000800d608       0xb8 ./Drivers/wiznet/Src/w5500.o
                0x000000000800d608                wiz_send_data
 .text.wiz_recv_data
                0x000000000800d6c0       0xb8 ./Drivers/wiznet/Src/w5500.o
                0x000000000800d6c0                wiz_recv_data
 .text.wiz_recv_ignore
                0x000000000800d778       0x90 ./Drivers/wiznet/Src/w5500.o
                0x000000000800d778                wiz_recv_ignore
 .text.wizchip_cris_enter
                0x000000000800d808        0xc ./Drivers/wiznet/Src/wizchip_conf.o
                0x000000000800d808                wizchip_cris_enter
 .text.wizchip_cris_exit
                0x000000000800d814        0xc ./Drivers/wiznet/Src/wizchip_conf.o
                0x000000000800d814                wizchip_cris_exit
 .text.wizchip_cs_select
                0x000000000800d820        0xc ./Drivers/wiznet/Src/wizchip_conf.o
                0x000000000800d820                wizchip_cs_select
 .text.wizchip_cs_deselect
                0x000000000800d82c        0xc ./Drivers/wiznet/Src/wizchip_conf.o
                0x000000000800d82c                wizchip_cs_deselect
 .text.wizchip_bus_readdata
                0x000000000800d838       0x18 ./Drivers/wiznet/Src/wizchip_conf.o
                0x000000000800d838                wizchip_bus_readdata
 .text.wizchip_bus_writedata
                0x000000000800d850       0x1c ./Drivers/wiznet/Src/wizchip_conf.o
                0x000000000800d850                wizchip_bus_writedata
 .text.wizchip_spi_readbyte
                0x000000000800d86c        0xe ./Drivers/wiznet/Src/wizchip_conf.o
                0x000000000800d86c                wizchip_spi_readbyte
 .text.wizchip_spi_writebyte
                0x000000000800d87a       0x14 ./Drivers/wiznet/Src/wizchip_conf.o
                0x000000000800d87a                wizchip_spi_writebyte
 .text.wizchip_spi_readburst
                0x000000000800d88e       0x16 ./Drivers/wiznet/Src/wizchip_conf.o
                0x000000000800d88e                wizchip_spi_readburst
 .text.wizchip_spi_writeburst
                0x000000000800d8a4       0x16 ./Drivers/wiznet/Src/wizchip_conf.o
                0x000000000800d8a4                wizchip_spi_writeburst
 *fill*         0x000000000800d8ba        0x2 
 .text.reg_wizchip_cs_cbfunc
                0x000000000800d8bc       0x48 ./Drivers/wiznet/Src/wizchip_conf.o
                0x000000000800d8bc                reg_wizchip_cs_cbfunc
 .text.reg_wizchip_spi_cbfunc
                0x000000000800d904       0x58 ./Drivers/wiznet/Src/wizchip_conf.o
                0x000000000800d904                reg_wizchip_spi_cbfunc
 .text.reg_wizchip_spiburst_cbfunc
                0x000000000800d95c       0x58 ./Drivers/wiznet/Src/wizchip_conf.o
                0x000000000800d95c                reg_wizchip_spiburst_cbfunc
 .text.wizchip_sw_reset
                0x000000000800d9b4       0x98 ./Drivers/wiznet/Src/wizchip_conf.o
                0x000000000800d9b4                wizchip_sw_reset
 .text.wizchip_init
                0x000000000800da4c      0x118 ./Drivers/wiznet/Src/wizchip_conf.o
                0x000000000800da4c                wizchip_init
 .text.wizphy_getphylink
                0x000000000800db64       0x2c ./Drivers/wiznet/Src/wizchip_conf.o
                0x000000000800db64                wizphy_getphylink
 .text.wizphy_getphystat
                0x000000000800db90       0x3c ./Drivers/wiznet/Src/wizchip_conf.o
                0x000000000800db90                wizphy_getphystat
 .text.wizchip_setnetinfo
                0x000000000800dbcc       0x80 ./Drivers/wiznet/Src/wizchip_conf.o
                0x000000000800dbcc                wizchip_setnetinfo
 .text.atof     0x000000000800dc4c        0x6 /opt/st/stm32cubeide_1.7.0/plugins/com.st.stm32cube.ide.mcu.externaltools.gnu-tools-for-stm32.9-2020-q2-update.linux64_2.0.0.202105311346/tools/bin/../lib/gcc/arm-none-eabi/9.3.1/../../../../arm-none-eabi/lib/thumb/v7-m/nofp/libc_nano.a(lib_a-atof.o)
                0x000000000800dc4c                atof
 .text.atoff    0x000000000800dc52        0x6 /opt/st/stm32cubeide_1.7.0/plugins/com.st.stm32cube.ide.mcu.externaltools.gnu-tools-for-stm32.9-2020-q2-update.linux64_2.0.0.202105311346/tools/bin/../lib/gcc/arm-none-eabi/9.3.1/../../../../arm-none-eabi/lib/thumb/v7-m/nofp/libc_nano.a(lib_a-atoff.o)
                0x000000000800dc52                atoff
 .text.atoi     0x000000000800dc58        0x8 /opt/st/stm32cubeide_1.7.0/plugins/com.st.stm32cube.ide.mcu.externaltools.gnu-tools-for-stm32.9-2020-q2-update.linux64_2.0.0.202105311346/tools/bin/../lib/gcc/arm-none-eabi/9.3.1/../../../../arm-none-eabi/lib/thumb/v7-m/nofp/libc_nano.a(lib_a-atoi.o)
                0x000000000800dc58                atoi
 .text.atol     0x000000000800dc60        0x8 /opt/st/stm32cubeide_1.7.0/plugins/com.st.stm32cube.ide.mcu.externaltools.gnu-tools-for-stm32.9-2020-q2-update.linux64_2.0.0.202105311346/tools/bin/../lib/gcc/arm-none-eabi/9.3.1/../../../../arm-none-eabi/lib/thumb/v7-m/nofp/libc_nano.a(lib_a-atol.o)
                0x000000000800dc60                atol
 .text.__errno  0x000000000800dc68        0xc /opt/st/stm32cubeide_1.7.0/plugins/com.st.stm32cube.ide.mcu.externaltools.gnu-tools-for-stm32.9-2020-q2-update.linux64_2.0.0.202105311346/tools/bin/../lib/gcc/arm-none-eabi/9.3.1/../../../../arm-none-eabi/lib/thumb/v7-m/nofp/libc_nano.a(lib_a-errno.o)
                0x000000000800dc68                __errno
 .text.__libc_init_array
                0x000000000800dc74       0x48 /opt/st/stm32cubeide_1.7.0/plugins/com.st.stm32cube.ide.mcu.externaltools.gnu-tools-for-stm32.9-2020-q2-update.linux64_2.0.0.202105311346/tools/bin/../lib/gcc/arm-none-eabi/9.3.1/../../../../arm-none-eabi/lib/thumb/v7-m/nofp/libc_nano.a(lib_a-init.o)
                0x000000000800dc74                __libc_init_array
 .text.malloc   0x000000000800dcbc       0x10 /opt/st/stm32cubeide_1.7.0/plugins/com.st.stm32cube.ide.mcu.externaltools.gnu-tools-for-stm32.9-2020-q2-update.linux64_2.0.0.202105311346/tools/bin/../lib/gcc/arm-none-eabi/9.3.1/../../../../arm-none-eabi/lib/thumb/v7-m/nofp/libc_nano.a(lib_a-malloc.o)
                0x000000000800dcbc                malloc
 .text.memcpy   0x000000000800dccc       0x1c /opt/st/stm32cubeide_1.7.0/plugins/com.st.stm32cube.ide.mcu.externaltools.gnu-tools-for-stm32.9-2020-q2-update.linux64_2.0.0.202105311346/tools/bin/../lib/gcc/arm-none-eabi/9.3.1/../../../../arm-none-eabi/lib/thumb/v7-m/nofp/libc_nano.a(lib_a-memcpy-stub.o)
                0x000000000800dccc                memcpy
 .text.memset   0x000000000800dce8       0x10 /opt/st/stm32cubeide_1.7.0/plugins/com.st.stm32cube.ide.mcu.externaltools.gnu-tools-for-stm32.9-2020-q2-update.linux64_2.0.0.202105311346/tools/bin/../lib/gcc/arm-none-eabi/9.3.1/../../../../arm-none-eabi/lib/thumb/v7-m/nofp/libc_nano.a(lib_a-memset.o)
                0x000000000800dce8                memset
 .text._free_r  0x000000000800dcf8       0x98 /opt/st/stm32cubeide_1.7.0/plugins/com.st.stm32cube.ide.mcu.externaltools.gnu-tools-for-stm32.9-2020-q2-update.linux64_2.0.0.202105311346/tools/bin/../lib/gcc/arm-none-eabi/9.3.1/../../../../arm-none-eabi/lib/thumb/v7-m/nofp/libc_nano.a(lib_a-nano-freer.o)
                0x000000000800dcf8                _free_r
 .text._malloc_r
                0x000000000800dd90       0xb4 /opt/st/stm32cubeide_1.7.0/plugins/com.st.stm32cube.ide.mcu.externaltools.gnu-tools-for-stm32.9-2020-q2-update.linux64_2.0.0.202105311346/tools/bin/../lib/gcc/arm-none-eabi/9.3.1/../../../../arm-none-eabi/lib/thumb/v7-m/nofp/libc_nano.a(lib_a-nano-mallocr.o)
                0x000000000800dd90                _malloc_r
 .text.__cvt    0x000000000800de44       0xbe /opt/st/stm32cubeide_1.7.0/plugins/com.st.stm32cube.ide.mcu.externaltools.gnu-tools-for-stm32.9-2020-q2-update.linux64_2.0.0.202105311346/tools/bin/../lib/gcc/arm-none-eabi/9.3.1/../../../../arm-none-eabi/lib/thumb/v7-m/nofp/libc_nano.a(lib_a-nano-vfprintf_float.o)
                0x000000000800de44                __cvt
 .text.__exponent
                0x000000000800df02       0x7c /opt/st/stm32cubeide_1.7.0/plugins/com.st.stm32cube.ide.mcu.externaltools.gnu-tools-for-stm32.9-2020-q2-update.linux64_2.0.0.202105311346/tools/bin/../lib/gcc/arm-none-eabi/9.3.1/../../../../arm-none-eabi/lib/thumb/v7-m/nofp/libc_nano.a(lib_a-nano-vfprintf_float.o)
                0x000000000800df02                __exponent
 *fill*         0x000000000800df7e        0x2 
 .text._printf_float
                0x000000000800df80      0x458 /opt/st/stm32cubeide_1.7.0/plugins/com.st.stm32cube.ide.mcu.externaltools.gnu-tools-for-stm32.9-2020-q2-update.linux64_2.0.0.202105311346/tools/bin/../lib/gcc/arm-none-eabi/9.3.1/../../../../arm-none-eabi/lib/thumb/v7-m/nofp/libc_nano.a(lib_a-nano-vfprintf_float.o)
                0x000000000800df80                _printf_float
 .text._printf_common
                0x000000000800e3d8       0xde /opt/st/stm32cubeide_1.7.0/plugins/com.st.stm32cube.ide.mcu.externaltools.gnu-tools-for-stm32.9-2020-q2-update.linux64_2.0.0.202105311346/tools/bin/../lib/gcc/arm-none-eabi/9.3.1/../../../../arm-none-eabi/lib/thumb/v7-m/nofp/libc_nano.a(lib_a-nano-vfprintf_i.o)
                0x000000000800e3d8                _printf_common
 *fill*         0x000000000800e4b6        0x2 
 .text._printf_i
                0x000000000800e4b8      0x24c /opt/st/stm32cubeide_1.7.0/plugins/com.st.stm32cube.ide.mcu.externaltools.gnu-tools-for-stm32.9-2020-q2-update.linux64_2.0.0.202105311346/tools/bin/../lib/gcc/arm-none-eabi/9.3.1/../../../../arm-none-eabi/lib/thumb/v7-m/nofp/libc_nano.a(lib_a-nano-vfprintf_i.o)
                0x000000000800e4b8                _printf_i
 .text._scanf_float
                0x000000000800e704      0x424 /opt/st/stm32cubeide_1.7.0/plugins/com.st.stm32cube.ide.mcu.externaltools.gnu-tools-for-stm32.9-2020-q2-update.linux64_2.0.0.202105311346/tools/bin/../lib/gcc/arm-none-eabi/9.3.1/../../../../arm-none-eabi/lib/thumb/v7-m/nofp/libc_nano.a(lib_a-nano-vfscanf_float.o)
                0x000000000800e704                _scanf_float
 .text._sbrk_r  0x000000000800eb28       0x20 /opt/st/stm32cubeide_1.7.0/plugins/com.st.stm32cube.ide.mcu.externaltools.gnu-tools-for-stm32.9-2020-q2-update.linux64_2.0.0.202105311346/tools/bin/../lib/gcc/arm-none-eabi/9.3.1/../../../../arm-none-eabi/lib/thumb/v7-m/nofp/libc_nano.a(lib_a-sbrkr.o)
                0x000000000800eb28                _sbrk_r
 .text.nanf     0x000000000800eb48        0x8 /opt/st/stm32cubeide_1.7.0/plugins/com.st.stm32cube.ide.mcu.externaltools.gnu-tools-for-stm32.9-2020-q2-update.linux64_2.0.0.202105311346/tools/bin/../lib/gcc/arm-none-eabi/9.3.1/../../../../arm-none-eabi/lib/thumb/v7-m/nofp/libc_nano.a(lib_a-sf_nan.o)
                0x000000000800eb48                nanf
 .text.sprintf  0x000000000800eb50       0x40 /opt/st/stm32cubeide_1.7.0/plugins/com.st.stm32cube.ide.mcu.externaltools.gnu-tools-for-stm32.9-2020-q2-update.linux64_2.0.0.202105311346/tools/bin/../lib/gcc/arm-none-eabi/9.3.1/../../../../arm-none-eabi/lib/thumb/v7-m/nofp/libc_nano.a(lib_a-sprintf.o)
                0x000000000800eb50                sprintf
                0x000000000800eb50                siprintf
 .text.strlwr   0x000000000800eb90       0x24 /opt/st/stm32cubeide_1.7.0/plugins/com.st.stm32cube.ide.mcu.externaltools.gnu-tools-for-stm32.9-2020-q2-update.linux64_2.0.0.202105311346/tools/bin/../lib/gcc/arm-none-eabi/9.3.1/../../../../arm-none-eabi/lib/thumb/v7-m/nofp/libc_nano.a(lib_a-strlwr.o)
                0x000000000800eb90                strlwr
 .text.strncmp  0x000000000800ebb4       0x24 /opt/st/stm32cubeide_1.7.0/plugins/com.st.stm32cube.ide.mcu.externaltools.gnu-tools-for-stm32.9-2020-q2-update.linux64_2.0.0.202105311346/tools/bin/../lib/gcc/arm-none-eabi/9.3.1/../../../../arm-none-eabi/lib/thumb/v7-m/nofp/libc_nano.a(lib_a-strncmp.o)
                0x000000000800ebb4                strncmp
 .text.sulp     0x000000000800ebd8       0x42 /opt/st/stm32cubeide_1.7.0/plugins/com.st.stm32cube.ide.mcu.externaltools.gnu-tools-for-stm32.9-2020-q2-update.linux64_2.0.0.202105311346/tools/bin/../lib/gcc/arm-none-eabi/9.3.1/../../../../arm-none-eabi/lib/thumb/v7-m/nofp/libc_nano.a(lib_a-strtod.o)
 *fill*         0x000000000800ec1a        0x6 
 .text._strtod_l
                0x000000000800ec20      0xbe8 /opt/st/stm32cubeide_1.7.0/plugins/com.st.stm32cube.ide.mcu.externaltools.gnu-tools-for-stm32.9-2020-q2-update.linux64_2.0.0.202105311346/tools/bin/../lib/gcc/arm-none-eabi/9.3.1/../../../../arm-none-eabi/lib/thumb/v7-m/nofp/libc_nano.a(lib_a-strtod.o)
                0x000000000800ec20                _strtod_l
 .text._strtod_r
                0x000000000800f808        0xc /opt/st/stm32cubeide_1.7.0/plugins/com.st.stm32cube.ide.mcu.externaltools.gnu-tools-for-stm32.9-2020-q2-update.linux64_2.0.0.202105311346/tools/bin/../lib/gcc/arm-none-eabi/9.3.1/../../../../arm-none-eabi/lib/thumb/v7-m/nofp/libc_nano.a(lib_a-strtod.o)
                0x000000000800f808                _strtod_r
 .text.strtod   0x000000000800f814       0x18 /opt/st/stm32cubeide_1.7.0/plugins/com.st.stm32cube.ide.mcu.externaltools.gnu-tools-for-stm32.9-2020-q2-update.linux64_2.0.0.202105311346/tools/bin/../lib/gcc/arm-none-eabi/9.3.1/../../../../arm-none-eabi/lib/thumb/v7-m/nofp/libc_nano.a(lib_a-strtod.o)
                0x000000000800f814                strtod
 .text.strtof   0x000000000800f82c       0xa4 /opt/st/stm32cubeide_1.7.0/plugins/com.st.stm32cube.ide.mcu.externaltools.gnu-tools-for-stm32.9-2020-q2-update.linux64_2.0.0.202105311346/tools/bin/../lib/gcc/arm-none-eabi/9.3.1/../../../../arm-none-eabi/lib/thumb/v7-m/nofp/libc_nano.a(lib_a-strtod.o)
                0x000000000800f82c                strtof
 .text._strtol_l.isra.0
                0x000000000800f8d0      0x10c /opt/st/stm32cubeide_1.7.0/plugins/com.st.stm32cube.ide.mcu.externaltools.gnu-tools-for-stm32.9-2020-q2-update.linux64_2.0.0.202105311346/tools/bin/../lib/gcc/arm-none-eabi/9.3.1/../../../../arm-none-eabi/lib/thumb/v7-m/nofp/libc_nano.a(lib_a-strtol.o)
 .text._strtol_r
                0x000000000800f9dc        0x4 /opt/st/stm32cubeide_1.7.0/plugins/com.st.stm32cube.ide.mcu.externaltools.gnu-tools-for-stm32.9-2020-q2-update.linux64_2.0.0.202105311346/tools/bin/../lib/gcc/arm-none-eabi/9.3.1/../../../../arm-none-eabi/lib/thumb/v7-m/nofp/libc_nano.a(lib_a-strtol.o)
                0x000000000800f9dc                _strtol_r
 .text.strtol   0x000000000800f9e0       0x14 /opt/st/stm32cubeide_1.7.0/plugins/com.st.stm32cube.ide.mcu.externaltools.gnu-tools-for-stm32.9-2020-q2-update.linux64_2.0.0.202105311346/tools/bin/../lib/gcc/arm-none-eabi/9.3.1/../../../../arm-none-eabi/lib/thumb/v7-m/nofp/libc_nano.a(lib_a-strtol.o)
                0x000000000800f9e0                strtol
 .text.__swbuf_r
                0x000000000800f9f4       0xa4 /opt/st/stm32cubeide_1.7.0/plugins/com.st.stm32cube.ide.mcu.externaltools.gnu-tools-for-stm32.9-2020-q2-update.linux64_2.0.0.202105311346/tools/bin/../lib/gcc/arm-none-eabi/9.3.1/../../../../arm-none-eabi/lib/thumb/v7-m/nofp/libc_nano.a(lib_a-wbuf.o)
                0x000000000800f9f4                __swbuf_r
 .text.__swsetup_r
                0x000000000800fa98       0xdc /opt/st/stm32cubeide_1.7.0/plugins/com.st.stm32cube.ide.mcu.externaltools.gnu-tools-for-stm32.9-2020-q2-update.linux64_2.0.0.202105311346/tools/bin/../lib/gcc/arm-none-eabi/9.3.1/../../../../arm-none-eabi/lib/thumb/v7-m/nofp/libc_nano.a(lib_a-wsetup.o)
                0x000000000800fa98                __swsetup_r
 .text.__assert_func
                0x000000000800fb74       0x3c /opt/st/stm32cubeide_1.7.0/plugins/com.st.stm32cube.ide.mcu.externaltools.gnu-tools-for-stm32.9-2020-q2-update.linux64_2.0.0.202105311346/tools/bin/../lib/gcc/arm-none-eabi/9.3.1/../../../../arm-none-eabi/lib/thumb/v7-m/nofp/libc_nano.a(lib_a-assert.o)
                0x000000000800fb74                __assert_func
 .text.quorem   0x000000000800fbb0      0x11a /opt/st/stm32cubeide_1.7.0/plugins/com.st.stm32cube.ide.mcu.externaltools.gnu-tools-for-stm32.9-2020-q2-update.linux64_2.0.0.202105311346/tools/bin/../lib/gcc/arm-none-eabi/9.3.1/../../../../arm-none-eabi/lib/thumb/v7-m/nofp/libc_nano.a(lib_a-dtoa.o)
 *fill*         0x000000000800fcca        0x6 
 .text._dtoa_r  0x000000000800fcd0      0xbdc /opt/st/stm32cubeide_1.7.0/plugins/com.st.stm32cube.ide.mcu.externaltools.gnu-tools-for-stm32.9-2020-q2-update.linux64_2.0.0.202105311346/tools/bin/../lib/gcc/arm-none-eabi/9.3.1/../../../../arm-none-eabi/lib/thumb/v7-m/nofp/libc_nano.a(lib_a-dtoa.o)
                0x000000000800fcd0                _dtoa_r
 .text.__sflush_r
                0x00000000080108ac      0x10c /opt/st/stm32cubeide_1.7.0/plugins/com.st.stm32cube.ide.mcu.externaltools.gnu-tools-for-stm32.9-2020-q2-update.linux64_2.0.0.202105311346/tools/bin/../lib/gcc/arm-none-eabi/9.3.1/../../../../arm-none-eabi/lib/thumb/v7-m/nofp/libc_nano.a(lib_a-fflush.o)
                0x00000000080108ac                __sflush_r
 .text._fflush_r
                0x00000000080109b8       0x78 /opt/st/stm32cubeide_1.7.0/plugins/com.st.stm32cube.ide.mcu.externaltools.gnu-tools-for-stm32.9-2020-q2-update.linux64_2.0.0.202105311346/tools/bin/../lib/gcc/arm-none-eabi/9.3.1/../../../../arm-none-eabi/lib/thumb/v7-m/nofp/libc_nano.a(lib_a-fflush.o)
                0x00000000080109b8                _fflush_r
 .text.std      0x0000000008010a30       0x48 /opt/st/stm32cubeide_1.7.0/plugins/com.st.stm32cube.ide.mcu.externaltools.gnu-tools-for-stm32.9-2020-q2-update.linux64_2.0.0.202105311346/tools/bin/../lib/gcc/arm-none-eabi/9.3.1/../../../../arm-none-eabi/lib/thumb/v7-m/nofp/libc_nano.a(lib_a-findfp.o)
 .text._cleanup_r
                0x0000000008010a78        0xc /opt/st/stm32cubeide_1.7.0/plugins/com.st.stm32cube.ide.mcu.externaltools.gnu-tools-for-stm32.9-2020-q2-update.linux64_2.0.0.202105311346/tools/bin/../lib/gcc/arm-none-eabi/9.3.1/../../../../arm-none-eabi/lib/thumb/v7-m/nofp/libc_nano.a(lib_a-findfp.o)
                0x0000000008010a78                _cleanup_r
 .text.__sfmoreglue
                0x0000000008010a84       0x2c /opt/st/stm32cubeide_1.7.0/plugins/com.st.stm32cube.ide.mcu.externaltools.gnu-tools-for-stm32.9-2020-q2-update.linux64_2.0.0.202105311346/tools/bin/../lib/gcc/arm-none-eabi/9.3.1/../../../../arm-none-eabi/lib/thumb/v7-m/nofp/libc_nano.a(lib_a-findfp.o)
                0x0000000008010a84                __sfmoreglue
 .text.__sfp_lock_acquire
                0x0000000008010ab0        0xc /opt/st/stm32cubeide_1.7.0/plugins/com.st.stm32cube.ide.mcu.externaltools.gnu-tools-for-stm32.9-2020-q2-update.linux64_2.0.0.202105311346/tools/bin/../lib/gcc/arm-none-eabi/9.3.1/../../../../arm-none-eabi/lib/thumb/v7-m/nofp/libc_nano.a(lib_a-findfp.o)
                0x0000000008010ab0                __sfp_lock_acquire
 .text.__sfp_lock_release
                0x0000000008010abc        0xc /opt/st/stm32cubeide_1.7.0/plugins/com.st.stm32cube.ide.mcu.externaltools.gnu-tools-for-stm32.9-2020-q2-update.linux64_2.0.0.202105311346/tools/bin/../lib/gcc/arm-none-eabi/9.3.1/../../../../arm-none-eabi/lib/thumb/v7-m/nofp/libc_nano.a(lib_a-findfp.o)
                0x0000000008010abc                __sfp_lock_release
 .text.__sinit_lock_acquire
                0x0000000008010ac8        0xc /opt/st/stm32cubeide_1.7.0/plugins/com.st.stm32cube.ide.mcu.externaltools.gnu-tools-for-stm32.9-2020-q2-update.linux64_2.0.0.202105311346/tools/bin/../lib/gcc/arm-none-eabi/9.3.1/../../../../arm-none-eabi/lib/thumb/v7-m/nofp/libc_nano.a(lib_a-findfp.o)
                0x0000000008010ac8                __sinit_lock_acquire
 .text.__sinit_lock_release
                0x0000000008010ad4        0xc /opt/st/stm32cubeide_1.7.0/plugins/com.st.stm32cube.ide.mcu.externaltools.gnu-tools-for-stm32.9-2020-q2-update.linux64_2.0.0.202105311346/tools/bin/../lib/gcc/arm-none-eabi/9.3.1/../../../../arm-none-eabi/lib/thumb/v7-m/nofp/libc_nano.a(lib_a-findfp.o)
                0x0000000008010ad4                __sinit_lock_release
 .text.__sinit  0x0000000008010ae0       0x70 /opt/st/stm32cubeide_1.7.0/plugins/com.st.stm32cube.ide.mcu.externaltools.gnu-tools-for-stm32.9-2020-q2-update.linux64_2.0.0.202105311346/tools/bin/../lib/gcc/arm-none-eabi/9.3.1/../../../../arm-none-eabi/lib/thumb/v7-m/nofp/libc_nano.a(lib_a-findfp.o)
                0x0000000008010ae0                __sinit
 .text.__sfp    0x0000000008010b50       0x8c /opt/st/stm32cubeide_1.7.0/plugins/com.st.stm32cube.ide.mcu.externaltools.gnu-tools-for-stm32.9-2020-q2-update.linux64_2.0.0.202105311346/tools/bin/../lib/gcc/arm-none-eabi/9.3.1/../../../../arm-none-eabi/lib/thumb/v7-m/nofp/libc_nano.a(lib_a-findfp.o)
                0x0000000008010b50                __sfp
 .text.fprintf  0x0000000008010bdc       0x24 /opt/st/stm32cubeide_1.7.0/plugins/com.st.stm32cube.ide.mcu.externaltools.gnu-tools-for-stm32.9-2020-q2-update.linux64_2.0.0.202105311346/tools/bin/../lib/gcc/arm-none-eabi/9.3.1/../../../../arm-none-eabi/lib/thumb/v7-m/nofp/libc_nano.a(lib_a-fprintf.o)
                0x0000000008010bdc                fprintf
                0x0000000008010bdc                fiprintf
 .text._fwalk_reent
                0x0000000008010c00       0x3e /opt/st/stm32cubeide_1.7.0/plugins/com.st.stm32cube.ide.mcu.externaltools.gnu-tools-for-stm32.9-2020-q2-update.linux64_2.0.0.202105311346/tools/bin/../lib/gcc/arm-none-eabi/9.3.1/../../../../arm-none-eabi/lib/thumb/v7-m/nofp/libc_nano.a(lib_a-fwalk.o)
                0x0000000008010c00                _fwalk_reent
 .text.rshift   0x0000000008010c3e       0xa6 /opt/st/stm32cubeide_1.7.0/plugins/com.st.stm32cube.ide.mcu.externaltools.gnu-tools-for-stm32.9-2020-q2-update.linux64_2.0.0.202105311346/tools/bin/../lib/gcc/arm-none-eabi/9.3.1/../../../../arm-none-eabi/lib/thumb/v7-m/nofp/libc_nano.a(lib_a-gdtoa-gethex.o)
 .text.__hexdig_fun
                0x0000000008010ce4       0x2a /opt/st/stm32cubeide_1.7.0/plugins/com.st.stm32cube.ide.mcu.externaltools.gnu-tools-for-stm32.9-2020-q2-update.linux64_2.0.0.202105311346/tools/bin/../lib/gcc/arm-none-eabi/9.3.1/../../../../arm-none-eabi/lib/thumb/v7-m/nofp/libc_nano.a(lib_a-gdtoa-gethex.o)
                0x0000000008010ce4                __hexdig_fun
 *fill*         0x0000000008010d0e        0x2 
 .text.__gethex
                0x0000000008010d10      0x478 /opt/st/stm32cubeide_1.7.0/plugins/com.st.stm32cube.ide.mcu.externaltools.gnu-tools-for-stm32.9-2020-q2-update.linux64_2.0.0.202105311346/tools/bin/../lib/gcc/arm-none-eabi/9.3.1/../../../../arm-none-eabi/lib/thumb/v7-m/nofp/libc_nano.a(lib_a-gdtoa-gethex.o)
                0x0000000008010d10                __gethex
 .text.L_shift  0x0000000008011188       0x24 /opt/st/stm32cubeide_1.7.0/plugins/com.st.stm32cube.ide.mcu.externaltools.gnu-tools-for-stm32.9-2020-q2-update.linux64_2.0.0.202105311346/tools/bin/../lib/gcc/arm-none-eabi/9.3.1/../../../../arm-none-eabi/lib/thumb/v7-m/nofp/libc_nano.a(lib_a-gdtoa-hexnan.o)
 .text.__match  0x00000000080111ac       0x28 /opt/st/stm32cubeide_1.7.0/plugins/com.st.stm32cube.ide.mcu.externaltools.gnu-tools-for-stm32.9-2020-q2-update.linux64_2.0.0.202105311346/tools/bin/../lib/gcc/arm-none-eabi/9.3.1/../../../../arm-none-eabi/lib/thumb/v7-m/nofp/libc_nano.a(lib_a-gdtoa-hexnan.o)
                0x00000000080111ac                __match
 .text.__hexnan
                0x00000000080111d4      0x138 /opt/st/stm32cubeide_1.7.0/plugins/com.st.stm32cube.ide.mcu.externaltools.gnu-tools-for-stm32.9-2020-q2-update.linux64_2.0.0.202105311346/tools/bin/../lib/gcc/arm-none-eabi/9.3.1/../../../../arm-none-eabi/lib/thumb/v7-m/nofp/libc_nano.a(lib_a-gdtoa-hexnan.o)
                0x00000000080111d4                __hexnan
 .text._localeconv_r
                0x000000000801130c        0x8 /opt/st/stm32cubeide_1.7.0/plugins/com.st.stm32cube.ide.mcu.externaltools.gnu-tools-for-stm32.9-2020-q2-update.linux64_2.0.0.202105311346/tools/bin/../lib/gcc/arm-none-eabi/9.3.1/../../../../arm-none-eabi/lib/thumb/v7-m/nofp/libc_nano.a(lib_a-localeconv.o)
                0x000000000801130c                _localeconv_r
 .text.__retarget_lock_init_recursive
                0x0000000008011314        0x2 /opt/st/stm32cubeide_1.7.0/plugins/com.st.stm32cube.ide.mcu.externaltools.gnu-tools-for-stm32.9-2020-q2-update.linux64_2.0.0.202105311346/tools/bin/../lib/gcc/arm-none-eabi/9.3.1/../../../../arm-none-eabi/lib/thumb/v7-m/nofp/libc_nano.a(lib_a-lock.o)
                0x0000000008011314                __retarget_lock_init_recursive
 .text.__retarget_lock_acquire_recursive
                0x0000000008011316        0x2 /opt/st/stm32cubeide_1.7.0/plugins/com.st.stm32cube.ide.mcu.externaltools.gnu-tools-for-stm32.9-2020-q2-update.linux64_2.0.0.202105311346/tools/bin/../lib/gcc/arm-none-eabi/9.3.1/../../../../arm-none-eabi/lib/thumb/v7-m/nofp/libc_nano.a(lib_a-lock.o)
                0x0000000008011316                __retarget_lock_acquire_recursive
 .text.__retarget_lock_release_recursive
                0x0000000008011318        0x2 /opt/st/stm32cubeide_1.7.0/plugins/com.st.stm32cube.ide.mcu.externaltools.gnu-tools-for-stm32.9-2020-q2-update.linux64_2.0.0.202105311346/tools/bin/../lib/gcc/arm-none-eabi/9.3.1/../../../../arm-none-eabi/lib/thumb/v7-m/nofp/libc_nano.a(lib_a-lock.o)
                0x0000000008011318                __retarget_lock_release_recursive
 .text.__swhatbuf_r
                0x000000000801131a       0x48 /opt/st/stm32cubeide_1.7.0/plugins/com.st.stm32cube.ide.mcu.externaltools.gnu-tools-for-stm32.9-2020-q2-update.linux64_2.0.0.202105311346/tools/bin/../lib/gcc/arm-none-eabi/9.3.1/../../../../arm-none-eabi/lib/thumb/v7-m/nofp/libc_nano.a(lib_a-makebuf.o)
                0x000000000801131a                __swhatbuf_r
 *fill*         0x0000000008011362        0x2 
 .text.__smakebuf_r
                0x0000000008011364       0x80 /opt/st/stm32cubeide_1.7.0/plugins/com.st.stm32cube.ide.mcu.externaltools.gnu-tools-for-stm32.9-2020-q2-update.linux64_2.0.0.202105311346/tools/bin/../lib/gcc/arm-none-eabi/9.3.1/../../../../arm-none-eabi/lib/thumb/v7-m/nofp/libc_nano.a(lib_a-makebuf.o)
                0x0000000008011364                __smakebuf_r
 .text.__ascii_mbtowc
                0x00000000080113e4       0x24 /opt/st/stm32cubeide_1.7.0/plugins/com.st.stm32cube.ide.mcu.externaltools.gnu-tools-for-stm32.9-2020-q2-update.linux64_2.0.0.202105311346/tools/bin/../lib/gcc/arm-none-eabi/9.3.1/../../../../arm-none-eabi/lib/thumb/v7-m/nofp/libc_nano.a(lib_a-mbtowc_r.o)
                0x00000000080113e4                __ascii_mbtowc
 .text.memchr   0x0000000008011408       0x1c /opt/st/stm32cubeide_1.7.0/plugins/com.st.stm32cube.ide.mcu.externaltools.gnu-tools-for-stm32.9-2020-q2-update.linux64_2.0.0.202105311346/tools/bin/../lib/gcc/arm-none-eabi/9.3.1/../../../../arm-none-eabi/lib/thumb/v7-m/nofp/libc_nano.a(lib_a-memchr-stub.o)
                0x0000000008011408                memchr
 .text.__malloc_lock
                0x0000000008011424        0xc /opt/st/stm32cubeide_1.7.0/plugins/com.st.stm32cube.ide.mcu.externaltools.gnu-tools-for-stm32.9-2020-q2-update.linux64_2.0.0.202105311346/tools/bin/../lib/gcc/arm-none-eabi/9.3.1/../../../../arm-none-eabi/lib/thumb/v7-m/nofp/libc_nano.a(lib_a-mlock.o)
                0x0000000008011424                __malloc_lock
 .text.__malloc_unlock
                0x0000000008011430        0xc /opt/st/stm32cubeide_1.7.0/plugins/com.st.stm32cube.ide.mcu.externaltools.gnu-tools-for-stm32.9-2020-q2-update.linux64_2.0.0.202105311346/tools/bin/../lib/gcc/arm-none-eabi/9.3.1/../../../../arm-none-eabi/lib/thumb/v7-m/nofp/libc_nano.a(lib_a-mlock.o)
                0x0000000008011430                __malloc_unlock
 .text._Balloc  0x000000000801143c       0x80 /opt/st/stm32cubeide_1.7.0/plugins/com.st.stm32cube.ide.mcu.externaltools.gnu-tools-for-stm32.9-2020-q2-update.linux64_2.0.0.202105311346/tools/bin/../lib/gcc/arm-none-eabi/9.3.1/../../../../arm-none-eabi/lib/thumb/v7-m/nofp/libc_nano.a(lib_a-mprec.o)
                0x000000000801143c                _Balloc
 .text._Bfree   0x00000000080114bc       0x44 /opt/st/stm32cubeide_1.7.0/plugins/com.st.stm32cube.ide.mcu.externaltools.gnu-tools-for-stm32.9-2020-q2-update.linux64_2.0.0.202105311346/tools/bin/../lib/gcc/arm-none-eabi/9.3.1/../../../../arm-none-eabi/lib/thumb/v7-m/nofp/libc_nano.a(lib_a-mprec.o)
                0x00000000080114bc                _Bfree
 .text.__multadd
                0x0000000008011500       0x94 /opt/st/stm32cubeide_1.7.0/plugins/com.st.stm32cube.ide.mcu.externaltools.gnu-tools-for-stm32.9-2020-q2-update.linux64_2.0.0.202105311346/tools/bin/../lib/gcc/arm-none-eabi/9.3.1/../../../../arm-none-eabi/lib/thumb/v7-m/nofp/libc_nano.a(lib_a-mprec.o)
                0x0000000008011500                __multadd
 .text.__s2b    0x0000000008011594       0x94 /opt/st/stm32cubeide_1.7.0/plugins/com.st.stm32cube.ide.mcu.externaltools.gnu-tools-for-stm32.9-2020-q2-update.linux64_2.0.0.202105311346/tools/bin/../lib/gcc/arm-none-eabi/9.3.1/../../../../arm-none-eabi/lib/thumb/v7-m/nofp/libc_nano.a(lib_a-mprec.o)
                0x0000000008011594                __s2b
 .text.__hi0bits
                0x0000000008011628       0x40 /opt/st/stm32cubeide_1.7.0/plugins/com.st.stm32cube.ide.mcu.externaltools.gnu-tools-for-stm32.9-2020-q2-update.linux64_2.0.0.202105311346/tools/bin/../lib/gcc/arm-none-eabi/9.3.1/../../../../arm-none-eabi/lib/thumb/v7-m/nofp/libc_nano.a(lib_a-mprec.o)
                0x0000000008011628                __hi0bits
 .text.__lo0bits
                0x0000000008011668       0x5c /opt/st/stm32cubeide_1.7.0/plugins/com.st.stm32cube.ide.mcu.externaltools.gnu-tools-for-stm32.9-2020-q2-update.linux64_2.0.0.202105311346/tools/bin/../lib/gcc/arm-none-eabi/9.3.1/../../../../arm-none-eabi/lib/thumb/v7-m/nofp/libc_nano.a(lib_a-mprec.o)
                0x0000000008011668                __lo0bits
 .text.__i2b    0x00000000080116c4       0x2c /opt/st/stm32cubeide_1.7.0/plugins/com.st.stm32cube.ide.mcu.externaltools.gnu-tools-for-stm32.9-2020-q2-update.linux64_2.0.0.202105311346/tools/bin/../lib/gcc/arm-none-eabi/9.3.1/../../../../arm-none-eabi/lib/thumb/v7-m/nofp/libc_nano.a(lib_a-mprec.o)
                0x00000000080116c4                __i2b
 .text.__multiply
                0x00000000080116f0      0x148 /opt/st/stm32cubeide_1.7.0/plugins/com.st.stm32cube.ide.mcu.externaltools.gnu-tools-for-stm32.9-2020-q2-update.linux64_2.0.0.202105311346/tools/bin/../lib/gcc/arm-none-eabi/9.3.1/../../../../arm-none-eabi/lib/thumb/v7-m/nofp/libc_nano.a(lib_a-mprec.o)
                0x00000000080116f0                __multiply
 .text.__pow5mult
                0x0000000008011838       0xb4 /opt/st/stm32cubeide_1.7.0/plugins/com.st.stm32cube.ide.mcu.externaltools.gnu-tools-for-stm32.9-2020-q2-update.linux64_2.0.0.202105311346/tools/bin/../lib/gcc/arm-none-eabi/9.3.1/../../../../arm-none-eabi/lib/thumb/v7-m/nofp/libc_nano.a(lib_a-mprec.o)
                0x0000000008011838                __pow5mult
 .text.__lshift
                0x00000000080118ec       0xd8 /opt/st/stm32cubeide_1.7.0/plugins/com.st.stm32cube.ide.mcu.externaltools.gnu-tools-for-stm32.9-2020-q2-update.linux64_2.0.0.202105311346/tools/bin/../lib/gcc/arm-none-eabi/9.3.1/../../../../arm-none-eabi/lib/thumb/v7-m/nofp/libc_nano.a(lib_a-mprec.o)
                0x00000000080118ec                __lshift
 .text.__mcmp   0x00000000080119c4       0x36 /opt/st/stm32cubeide_1.7.0/plugins/com.st.stm32cube.ide.mcu.externaltools.gnu-tools-for-stm32.9-2020-q2-update.linux64_2.0.0.202105311346/tools/bin/../lib/gcc/arm-none-eabi/9.3.1/../../../../arm-none-eabi/lib/thumb/v7-m/nofp/libc_nano.a(lib_a-mprec.o)
                0x00000000080119c4                __mcmp
 *fill*         0x00000000080119fa        0x2 
 .text.__mdiff  0x00000000080119fc      0x120 /opt/st/stm32cubeide_1.7.0/plugins/com.st.stm32cube.ide.mcu.externaltools.gnu-tools-for-stm32.9-2020-q2-update.linux64_2.0.0.202105311346/tools/bin/../lib/gcc/arm-none-eabi/9.3.1/../../../../arm-none-eabi/lib/thumb/v7-m/nofp/libc_nano.a(lib_a-mprec.o)
                0x00000000080119fc                __mdiff
 .text.__ulp    0x0000000008011b1c       0x4c /opt/st/stm32cubeide_1.7.0/plugins/com.st.stm32cube.ide.mcu.externaltools.gnu-tools-for-stm32.9-2020-q2-update.linux64_2.0.0.202105311346/tools/bin/../lib/gcc/arm-none-eabi/9.3.1/../../../../arm-none-eabi/lib/thumb/v7-m/nofp/libc_nano.a(lib_a-mprec.o)
                0x0000000008011b1c                __ulp
 .text.__b2d    0x0000000008011b68       0xa8 /opt/st/stm32cubeide_1.7.0/plugins/com.st.stm32cube.ide.mcu.externaltools.gnu-tools-for-stm32.9-2020-q2-update.linux64_2.0.0.202105311346/tools/bin/../lib/gcc/arm-none-eabi/9.3.1/../../../../arm-none-eabi/lib/thumb/v7-m/nofp/libc_nano.a(lib_a-mprec.o)
                0x0000000008011b68                __b2d
 .text.__d2b    0x0000000008011c10       0xb8 /opt/st/stm32cubeide_1.7.0/plugins/com.st.stm32cube.ide.mcu.externaltools.gnu-tools-for-stm32.9-2020-q2-update.linux64_2.0.0.202105311346/tools/bin/../lib/gcc/arm-none-eabi/9.3.1/../../../../arm-none-eabi/lib/thumb/v7-m/nofp/libc_nano.a(lib_a-mprec.o)
                0x0000000008011c10                __d2b
 .text.__ratio  0x0000000008011cc8       0x5c /opt/st/stm32cubeide_1.7.0/plugins/com.st.stm32cube.ide.mcu.externaltools.gnu-tools-for-stm32.9-2020-q2-update.linux64_2.0.0.202105311346/tools/bin/../lib/gcc/arm-none-eabi/9.3.1/../../../../arm-none-eabi/lib/thumb/v7-m/nofp/libc_nano.a(lib_a-mprec.o)
                0x0000000008011cc8                __ratio
 .text.__copybits
                0x0000000008011d24       0x46 /opt/st/stm32cubeide_1.7.0/plugins/com.st.stm32cube.ide.mcu.externaltools.gnu-tools-for-stm32.9-2020-q2-update.linux64_2.0.0.202105311346/tools/bin/../lib/gcc/arm-none-eabi/9.3.1/../../../../arm-none-eabi/lib/thumb/v7-m/nofp/libc_nano.a(lib_a-mprec.o)
                0x0000000008011d24                __copybits
 .text.__any_on
                0x0000000008011d6a       0x42 /opt/st/stm32cubeide_1.7.0/plugins/com.st.stm32cube.ide.mcu.externaltools.gnu-tools-for-stm32.9-2020-q2-update.linux64_2.0.0.202105311346/tools/bin/../lib/gcc/arm-none-eabi/9.3.1/../../../../arm-none-eabi/lib/thumb/v7-m/nofp/libc_nano.a(lib_a-mprec.o)
                0x0000000008011d6a                __any_on
 .text._calloc_r
                0x0000000008011dac       0x1c /opt/st/stm32cubeide_1.7.0/plugins/com.st.stm32cube.ide.mcu.externaltools.gnu-tools-for-stm32.9-2020-q2-update.linux64_2.0.0.202105311346/tools/bin/../lib/gcc/arm-none-eabi/9.3.1/../../../../arm-none-eabi/lib/thumb/v7-m/nofp/libc_nano.a(lib_a-nano-callocr.o)
                0x0000000008011dac                _calloc_r
 .text.__ssputs_r
                0x0000000008011dc8       0xb6 /opt/st/stm32cubeide_1.7.0/plugins/com.st.stm32cube.ide.mcu.externaltools.gnu-tools-for-stm32.9-2020-q2-update.linux64_2.0.0.202105311346/tools/bin/../lib/gcc/arm-none-eabi/9.3.1/../../../../arm-none-eabi/lib/thumb/v7-m/nofp/libc_nano.a(lib_a-nano-svfprintf.o)
                0x0000000008011dc8                __ssputs_r
 *fill*         0x0000000008011e7e        0x2 
 .text._svfprintf_r
                0x0000000008011e80      0x200 /opt/st/stm32cubeide_1.7.0/plugins/com.st.stm32cube.ide.mcu.externaltools.gnu-tools-for-stm32.9-2020-q2-update.linux64_2.0.0.202105311346/tools/bin/../lib/gcc/arm-none-eabi/9.3.1/../../../../arm-none-eabi/lib/thumb/v7-m/nofp/libc_nano.a(lib_a-nano-svfprintf.o)
                0x0000000008011e80                _svfprintf_r
                0x0000000008011e80                _svfiprintf_r
 .text.__sfputc_r
                0x0000000008012080       0x2a /opt/st/stm32cubeide_1.7.0/plugins/com.st.stm32cube.ide.mcu.externaltools.gnu-tools-for-stm32.9-2020-q2-update.linux64_2.0.0.202105311346/tools/bin/../lib/gcc/arm-none-eabi/9.3.1/../../../../arm-none-eabi/lib/thumb/v7-m/nofp/libc_nano.a(lib_a-nano-vfprintf.o)
 .text.__sfputs_r
                0x00000000080120aa       0x24 /opt/st/stm32cubeide_1.7.0/plugins/com.st.stm32cube.ide.mcu.externaltools.gnu-tools-for-stm32.9-2020-q2-update.linux64_2.0.0.202105311346/tools/bin/../lib/gcc/arm-none-eabi/9.3.1/../../../../arm-none-eabi/lib/thumb/v7-m/nofp/libc_nano.a(lib_a-nano-vfprintf.o)
                0x00000000080120aa                __sfputs_r
 *fill*         0x00000000080120ce        0x2 
 .text._vfprintf_r
                0x00000000080120d0      0x260 /opt/st/stm32cubeide_1.7.0/plugins/com.st.stm32cube.ide.mcu.externaltools.gnu-tools-for-stm32.9-2020-q2-update.linux64_2.0.0.202105311346/tools/bin/../lib/gcc/arm-none-eabi/9.3.1/../../../../arm-none-eabi/lib/thumb/v7-m/nofp/libc_nano.a(lib_a-nano-vfprintf.o)
                0x00000000080120d0                _vfiprintf_r
                0x00000000080120d0                _vfprintf_r
 .text.nan      0x0000000008012330        0xc /opt/st/stm32cubeide_1.7.0/plugins/com.st.stm32cube.ide.mcu.externaltools.gnu-tools-for-stm32.9-2020-q2-update.linux64_2.0.0.202105311346/tools/bin/../lib/gcc/arm-none-eabi/9.3.1/../../../../arm-none-eabi/lib/thumb/v7-m/nofp/libc_nano.a(lib_a-s_nan.o)
                0x0000000008012330                nan
 .text.__sread  0x000000000801233c       0x22 /opt/st/stm32cubeide_1.7.0/plugins/com.st.stm32cube.ide.mcu.externaltools.gnu-tools-for-stm32.9-2020-q2-update.linux64_2.0.0.202105311346/tools/bin/../lib/gcc/arm-none-eabi/9.3.1/../../../../arm-none-eabi/lib/thumb/v7-m/nofp/libc_nano.a(lib_a-stdio.o)
                0x000000000801233c                __sread
 .text.__swrite
                0x000000000801235e       0x38 /opt/st/stm32cubeide_1.7.0/plugins/com.st.stm32cube.ide.mcu.externaltools.gnu-tools-for-stm32.9-2020-q2-update.linux64_2.0.0.202105311346/tools/bin/../lib/gcc/arm-none-eabi/9.3.1/../../../../arm-none-eabi/lib/thumb/v7-m/nofp/libc_nano.a(lib_a-stdio.o)
                0x000000000801235e                __swrite
 .text.__sseek  0x0000000008012396       0x24 /opt/st/stm32cubeide_1.7.0/plugins/com.st.stm32cube.ide.mcu.externaltools.gnu-tools-for-stm32.9-2020-q2-update.linux64_2.0.0.202105311346/tools/bin/../lib/gcc/arm-none-eabi/9.3.1/../../../../arm-none-eabi/lib/thumb/v7-m/nofp/libc_nano.a(lib_a-stdio.o)
                0x0000000008012396                __sseek
 .text.__sclose
                0x00000000080123ba        0x8 /opt/st/stm32cubeide_1.7.0/plugins/com.st.stm32cube.ide.mcu.externaltools.gnu-tools-for-stm32.9-2020-q2-update.linux64_2.0.0.202105311346/tools/bin/../lib/gcc/arm-none-eabi/9.3.1/../../../../arm-none-eabi/lib/thumb/v7-m/nofp/libc_nano.a(lib_a-stdio.o)
                0x00000000080123ba                __sclose
 .text.__ascii_wctomb
                0x00000000080123c2       0x1a /opt/st/stm32cubeide_1.7.0/plugins/com.st.stm32cube.ide.mcu.externaltools.gnu-tools-for-stm32.9-2020-q2-update.linux64_2.0.0.202105311346/tools/bin/../lib/gcc/arm-none-eabi/9.3.1/../../../../arm-none-eabi/lib/thumb/v7-m/nofp/libc_nano.a(lib_a-wctomb_r.o)
                0x00000000080123c2                __ascii_wctomb
 .text._write_r
                0x00000000080123dc       0x24 /opt/st/stm32cubeide_1.7.0/plugins/com.st.stm32cube.ide.mcu.externaltools.gnu-tools-for-stm32.9-2020-q2-update.linux64_2.0.0.202105311346/tools/bin/../lib/gcc/arm-none-eabi/9.3.1/../../../../arm-none-eabi/lib/thumb/v7-m/nofp/libc_nano.a(lib_a-writer.o)
                0x00000000080123dc                _write_r