w5500_defines.h:41:6:W5500_Select	8	static
w5500_defines.h:45:6:W5500_Unselect	8	static
w5500_defines.h:49:6:W5500_ReadBuff	16	static
w5500_defines.h:53:6:W5500_WriteBuff	16	static
w5500_defines.h:57:9:W5500_ReadByte	16	static
w5500_defines.h:63:6:W5500_WriteByte	16	static
main.c:105:6:initParameters	16	static
main.c:129:6:Callback_IPAssigned	4	static
main.c:134:6:Callback_IPConflict	4	static
main.c:138:6:draw_menu	48	static
main.c:305:6:w5500_init	16	static
main.c:328:6:INTkeyMenu_handler	4	static
main.c:329:6:INTkeyUp_handler	4	static
main.c:330:6:INTkeyDown_handler	4	static
main.c:331:6:INTW5500_Handler	8	static
main.c:340:5:main	16	static
main.c:465:6:SystemClock_Config	72	static
main.c:507:13:MX_I2C1_Init	8	static
main.c:541:13:MX_SPI1_Init	8	static
main.c:579:13:MX_TIM1_Init	96	static
main.c:651:13:MX_DMA_Init	16	static
main.c:669:13:MX_GPIO_Init	40	static
main.c:740:6:Error_Handler	4	static,ignoring_inline_asm
main.c:759:6:assert_failed	16	static
